ARM Linker, 4.1 [Build 567] [Standard]

==============================================================================

Section Cross References

    app.o(i.App_DispScr_SignOn) refers to printf4.o(i.__0printf$4) for __2printf
    app.o(i.App_DispScr_SignOn) refers to os_core.o(i.OSVersion) for OSVersion
    app.o(i.App_DispScr_SignOn) refers to bsp.o(i.BSP_CPU_ClkFreq) for BSP_CPU_ClkFreq
    app.o(i.App_DispScr_SignOn) refers to os_core.o(.data) for OSCPUUsage
    app.o(i.App_TaskCreate) refers to os_task.o(i.OSTaskCreateExt) for OSTaskCreateExt
    app.o(i.App_TaskCreate) refers to app.o(.bss) for AppTaskLcdStk
    app.o(i.App_TaskCreate) refers to app.o(i.App_TaskLCD) for App_TaskLCD
    app.o(i.App_TaskCreate) refers to app.o(i.App_TaskTouch) for App_TaskTouch
    app.o(i.App_TaskLCD) refers to lcd_driver.o(i.Pant) for Pant
    app.o(i.App_TaskLCD) refers to stm32f10x_gpio.o(i.GPIO_ResetBits) for GPIO_ResetBits
    app.o(i.App_TaskLCD) refers to lcd_driver.o(i.ChineseChar) for ChineseChar
    app.o(i.App_TaskLCD) refers to os_time.o(i.OSTimeDlyHMSM) for OSTimeDlyHMSM
    app.o(i.App_TaskLCD) refers to lcd_driver.o(.data) for colors
    app.o(i.App_TaskStart) refers to printf4.o(i.__0printf$4) for __2printf
    app.o(i.App_TaskStart) refers to app.o(i.App_TaskCreate) for App_TaskCreate
    app.o(i.App_TaskStart) refers to os_time.o(i.OSTimeDlyHMSM) for OSTimeDlyHMSM
    app.o(i.App_TaskTouch) refers to touch.o(i.AD7843) for AD7843
    app.o(i.App_TaskTouch) refers to stm32f10x_gpio.o(i.GPIO_ReadInputDataBit) for GPIO_ReadInputDataBit
    app.o(i.App_TaskTouch) refers to touch.o(i.Read_ADS2) for Read_ADS2
    app.o(i.App_TaskTouch) refers to printf4.o(i.__0printf$4) for __2printf
    app.o(i.App_TaskTouch) refers to os_time.o(i.OSTimeDlyHMSM) for OSTimeDlyHMSM
    app.o(i.main) refers to cpu_a.o(.text) for CPU_IntDis
    app.o(i.main) refers to os_core.o(i.OSInit) for OSInit
    app.o(i.main) refers to bsp.o(i.BSP_Init) for BSP_Init
    app.o(i.main) refers to os_cpu_c.o(i.OS_CPU_SysTickInit) for OS_CPU_SysTickInit
    app.o(i.main) refers to os_core.o(i.OSStatInit) for OSStatInit
    app.o(i.main) refers to lcd_driver.o(i.LCD_Init) for LCD_Init
    app.o(i.main) refers to app.o(i.App_DispScr_SignOn) for App_DispScr_SignOn
    app.o(i.main) refers to printf4.o(i.__0printf$4) for __2printf
    app.o(i.main) refers to os_task.o(i.OSTaskCreate) for OSTaskCreate
    app.o(i.main) refers to os_task.o(i.OSTaskNameSet) for OSTaskNameSet
    app.o(i.main) refers to os_time.o(i.OSTimeSet) for OSTimeSet
    app.o(i.main) refers to os_core.o(i.OSStart) for OSStart
    app.o(i.main) refers to app.o(.bss) for AppTaskStartStk
    app.o(i.main) refers to app.o(i.App_TaskStart) for App_TaskStart
    vectors.o(VECT) refers to init.o(INIT) for ResetHndlr
    vectors.o(VECT) refers to os_cpu_a.o(.text) for OS_CPU_PendSVHandler
    vectors.o(VECT) refers to os_cpu_c.o(i.OS_CPU_SysTickHandler) for OS_CPU_SysTickHandler
    vectors.o(VECT) refers to bsp_int.o(i.BSP_IntHandlerWWDG) for BSP_IntHandlerWWDG
    vectors.o(VECT) refers to bsp_int.o(i.BSP_IntHandlerPVD) for BSP_IntHandlerPVD
    vectors.o(VECT) refers to bsp_int.o(i.BSP_IntHandlerTAMPER) for BSP_IntHandlerTAMPER
    vectors.o(VECT) refers to bsp_int.o(i.BSP_IntHandlerRTC) for BSP_IntHandlerRTC
    vectors.o(VECT) refers to bsp_int.o(i.BSP_IntHandlerFLASH) for BSP_IntHandlerFLASH
    vectors.o(VECT) refers to bsp_int.o(i.BSP_IntHandlerRCC) for BSP_IntHandlerRCC
    vectors.o(VECT) refers to bsp_int.o(i.BSP_IntHandlerEXTI0) for BSP_IntHandlerEXTI0
    vectors.o(VECT) refers to bsp_int.o(i.BSP_IntHandlerEXTI1) for BSP_IntHandlerEXTI1
    vectors.o(VECT) refers to bsp_int.o(i.BSP_IntHandlerEXTI2) for BSP_IntHandlerEXTI2
    vectors.o(VECT) refers to bsp_int.o(i.BSP_IntHandlerEXTI3) for BSP_IntHandlerEXTI3
    vectors.o(VECT) refers to bsp_int.o(i.BSP_IntHandlerEXTI4) for BSP_IntHandlerEXTI4
    vectors.o(VECT) refers to bsp_int.o(i.BSP_IntHandlerDMA1_CH1) for BSP_IntHandlerDMA1_CH1
    vectors.o(VECT) refers to bsp_int.o(i.BSP_IntHandlerDMA1_CH2) for BSP_IntHandlerDMA1_CH2
    vectors.o(VECT) refers to bsp_int.o(i.BSP_IntHandlerDMA1_CH3) for BSP_IntHandlerDMA1_CH3
    vectors.o(VECT) refers to bsp_int.o(i.BSP_IntHandlerDMA1_CH4) for BSP_IntHandlerDMA1_CH4
    vectors.o(VECT) refers to bsp_int.o(i.BSP_IntHandlerDMA1_CH5) for BSP_IntHandlerDMA1_CH5
    vectors.o(VECT) refers to bsp_int.o(i.BSP_IntHandlerDMA1_CH6) for BSP_IntHandlerDMA1_CH6
    vectors.o(VECT) refers to bsp_int.o(i.BSP_IntHandlerDMA1_CH7) for BSP_IntHandlerDMA1_CH7
    vectors.o(VECT) refers to bsp_int.o(i.BSP_IntHandlerADC1_2) for BSP_IntHandlerADC1_2
    vectors.o(VECT) refers to bsp_int.o(i.BSP_IntHandlerUSB_HP_CAN_TX) for BSP_IntHandlerUSB_HP_CAN_TX
    vectors.o(VECT) refers to bsp_int.o(i.BSP_IntHandlerUSB_LP_CAN_RX0) for BSP_IntHandlerUSB_LP_CAN_RX0
    vectors.o(VECT) refers to bsp_int.o(i.BSP_IntHandlerCAN_RX1) for BSP_IntHandlerCAN_RX1
[...]
    Removing stm32f10x_rcc.o(i.RCC_GetITStatus), (24 bytes).
    Removing stm32f10x_rcc.o(i.RCC_HSICmd), (12 bytes).
    Removing stm32f10x_rcc.o(i.RCC_ITConfig), (36 bytes).
    Removing stm32f10x_rcc.o(i.RCC_LSEConfig), (52 bytes).
    Removing stm32f10x_rcc.o(i.RCC_LSICmd), (12 bytes).
    Removing stm32f10x_rcc.o(i.RCC_MCOConfig), (12 bytes).
    Removing stm32f10x_rcc.o(i.RCC_RTCCLKCmd), (12 bytes).
    Removing stm32f10x_rcc.o(i.RCC_RTCCLKConfig), (16 bytes).
    Removing stm32f10x_rcc.o(i.RCC_USBCLKConfig), (12 bytes).
    Removing stm32f10x_rtc.o(i.RTC_ClearFlag), (32 bytes).
    Removing stm32f10x_rtc.o(i.RTC_ClearITPendingBit), (32 bytes).
    Removing stm32f10x_rtc.o(i.RTC_EnterConfigMode), (24 bytes).
    Removing stm32f10x_rtc.o(i.RTC_ExitConfigMode), (28 bytes).
    Removing stm32f10x_rtc.o(i.RTC_GetCounter), (28 bytes).
    Removing stm32f10x_rtc.o(i.RTC_GetDivider), (36 bytes).
    Removing stm32f10x_rtc.o(i.RTC_GetFlagStatus), (24 bytes).
    Removing stm32f10x_rtc.o(i.RTC_GetITStatus), (44 bytes).
    Removing stm32f10x_rtc.o(i.RTC_ITConfig), (48 bytes).
    Removing stm32f10x_rtc.o(i.RTC_SetAlarm), (36 bytes).
    Removing stm32f10x_rtc.o(i.RTC_SetCounter), (36 bytes).
    Removing stm32f10x_rtc.o(i.RTC_SetPrescaler), (36 bytes).
    Removing stm32f10x_rtc.o(i.RTC_WaitForLastTask), (20 bytes).
    Removing stm32f10x_rtc.o(i.RTC_WaitForSynchro), (40 bytes).
    Removing stm32f10x_sdio.o(i.SDIO_CEATAITCmd), (16 bytes).
    Removing stm32f10x_sdio.o(i.SDIO_ClearFlag), (12 bytes).
    Removing stm32f10x_sdio.o(i.SDIO_ClearITPendingBit), (12 bytes).
    Removing stm32f10x_sdio.o(i.SDIO_ClockCmd), (12 bytes).
    Removing stm32f10x_sdio.o(i.SDIO_CmdStructInit), (14 bytes).
    Removing stm32f10x_sdio.o(i.SDIO_CommandCompletionCmd), (12 bytes).
    Removing stm32f10x_sdio.o(i.SDIO_DMACmd), (12 bytes).
    Removing stm32f10x_sdio.o(i.SDIO_DataConfig), (48 bytes).
    Removing stm32f10x_sdio.o(i.SDIO_DataStructInit), (20 bytes).
    Removing stm32f10x_sdio.o(i.SDIO_DeInit), (36 bytes).
    Removing stm32f10x_sdio.o(i.SDIO_GetCommandResponse), (12 bytes).
    Removing stm32f10x_sdio.o(i.SDIO_GetDataCounter), (12 bytes).
    Removing stm32f10x_sdio.o(i.SDIO_GetFIFOCount), (12 bytes).
    Removing stm32f10x_sdio.o(i.SDIO_GetFlagStatus), (24 bytes).
    Removing stm32f10x_sdio.o(i.SDIO_GetITStatus), (24 bytes).
    Removing stm32f10x_sdio.o(i.SDIO_GetPowerState), (16 bytes).
    Removing stm32f10x_sdio.o(i.SDIO_GetResponse), (16 bytes).
    Removing stm32f10x_sdio.o(i.SDIO_ITConfig), (32 bytes).
    Removing stm32f10x_sdio.o(i.SDIO_Init), (48 bytes).
    Removing stm32f10x_sdio.o(i.SDIO_ReadData), (12 bytes).
    Removing stm32f10x_sdio.o(i.SDIO_SendCEATACmd), (12 bytes).
    Removing stm32f10x_sdio.o(i.SDIO_SendCommand), (44 bytes).
    Removing stm32f10x_sdio.o(i.SDIO_SendSDIOSuspendCmd), (12 bytes).
    Removing stm32f10x_sdio.o(i.SDIO_SetPowerState), (28 bytes).
    Removing stm32f10x_sdio.o(i.SDIO_SetSDIOOperation), (12 bytes).
    Removing stm32f10x_sdio.o(i.SDIO_SetSDIOReadWaitMode), (12 bytes).
    Removing stm32f10x_sdio.o(i.SDIO_StartSDIOReadWait), (12 bytes).
    Removing stm32f10x_sdio.o(i.SDIO_StopSDIOReadWait), (12 bytes).
    Removing stm32f10x_sdio.o(i.SDIO_StructInit), (16 bytes).
    Removing stm32f10x_sdio.o(i.SDIO_WriteData), (12 bytes).
    Removing stm32f10x_spi.o(i.I2S_Cmd), (24 bytes).
    Removing stm32f10x_spi.o(i.I2S_Init), (206 bytes).
    Removing stm32f10x_spi.o(i.I2S_StructInit), (20 bytes).
    Removing stm32f10x_spi.o(i.SPI_BiDirectionalLineConfig), (28 bytes).
    Removing stm32f10x_spi.o(i.SPI_CalculateCRC), (24 bytes).
    Removing stm32f10x_spi.o(i.SPI_Cmd), (24 bytes).
    Removing stm32f10x_spi.o(i.SPI_DataSizeConfig), (18 bytes).
    Removing stm32f10x_spi.o(i.SPI_GetCRC), (16 bytes).
    Removing stm32f10x_spi.o(i.SPI_GetCRCPolynomial), (6 bytes).
    Removing stm32f10x_spi.o(i.SPI_I2S_ClearFlag), (34 bytes).
    Removing stm32f10x_spi.o(i.SPI_I2S_ClearITPendingBit), (48 bytes).
    Removing stm32f10x_spi.o(i.SPI_I2S_DMACmd), (24 bytes).
    Removing stm32f10x_spi.o(i.SPI_I2S_DeInit), (92 bytes).
    Removing stm32f10x_spi.o(i.SPI_I2S_GetFlagStatus), (18 bytes).
    Removing stm32f10x_spi.o(i.SPI_I2S_GetITStatus), (52 bytes).
    Removing stm32f10x_spi.o(i.SPI_I2S_ITConfig), (36 bytes).
    Removing stm32f10x_spi.o(i.SPI_I2S_ReceiveData), (6 bytes).
    Removing stm32f10x_spi.o(i.SPI_I2S_SendData), (4 bytes).
    Removing stm32f10x_spi.o(i.SPI_Init), (60 bytes).
    Removing stm32f10x_spi.o(i.SPI_NSSInternalSoftwareConfig), (30 bytes).
    Removing stm32f10x_spi.o(i.SPI_SSOutputCmd), (24 bytes).
    Removing stm32f10x_spi.o(i.SPI_StructInit), (24 bytes).
    Removing stm32f10x_spi.o(i.SPI_TransmitCRC), (10 bytes).
    Removing stm32f10x_systick.o(i.SysTick_CLKSourceConfig), (40 bytes).
    Removing stm32f10x_systick.o(i.SysTick_CounterCmd), (54 bytes).
    Removing stm32f10x_systick.o(i.SysTick_GetCounter), (8 bytes).
    Removing stm32f10x_systick.o(i.SysTick_GetFlagStatus), (46 bytes).
    Removing stm32f10x_systick.o(i.SysTick_ITConfig), (38 bytes).
    Removing stm32f10x_systick.o(i.SysTick_SetReload), (8 bytes).
    Removing stm32f10x_tim.o(i.TI1_Config), (54 bytes).
    Removing stm32f10x_tim.o(i.TI2_Config), (68 bytes).
    Removing stm32f10x_tim.o(i.TI3_Config), (64 bytes).
    Removing stm32f10x_tim.o(i.TI4_Config), (70 bytes).
    Removing stm32f10x_tim.o(i.TIM_ARRPreloadConfig), (24 bytes).
    Removing stm32f10x_tim.o(i.TIM_BDTRConfig), (32 bytes).
    Removing stm32f10x_tim.o(i.TIM_BDTRStructInit), (18 bytes).
    Removing stm32f10x_tim.o(i.TIM_CCPreloadControl), (24 bytes).
    Removing stm32f10x_tim.o(i.TIM_CCxCmd), (30 bytes).
    Removing stm32f10x_tim.o(i.TIM_CCxNCmd), (30 bytes).
    Removing stm32f10x_tim.o(i.TIM_ClearFlag), (6 bytes).
    Removing stm32f10x_tim.o(i.TIM_ClearITPendingBit), (6 bytes).
    Removing stm32f10x_tim.o(i.TIM_ClearOC1Ref), (18 bytes).
    Removing stm32f10x_tim.o(i.TIM_ClearOC2Ref), (20 bytes).
    Removing stm32f10x_tim.o(i.TIM_ClearOC3Ref), (18 bytes).
    Removing stm32f10x_tim.o(i.TIM_ClearOC4Ref), (20 bytes).
    Removing stm32f10x_tim.o(i.TIM_Cmd), (24 bytes).
    Removing stm32f10x_tim.o(i.TIM_CounterModeConfig), (18 bytes).
    Removing stm32f10x_tim.o(i.TIM_CtrlPWMOutputs), (30 bytes).
    Removing stm32f10x_tim.o(i.TIM_DMACmd), (24 bytes).
    Removing stm32f10x_tim.o(i.TIM_DMAConfig), (10 bytes).
    Removing stm32f10x_tim.o(i.TIM_DeInit), (224 bytes).
    Removing stm32f10x_tim.o(i.TIM_ETRClockMode1Config), (54 bytes).
    Removing stm32f10x_tim.o(i.TIM_ETRClockMode2Config), (32 bytes).
    Removing stm32f10x_tim.o(i.TIM_ETRConfig), (26 bytes).
    Removing stm32f10x_tim.o(i.TIM_EncoderInterfaceConfig), (62 bytes).
    Removing stm32f10x_tim.o(i.TIM_ForcedOC1Config), (18 bytes).
    Removing stm32f10x_tim.o(i.TIM_ForcedOC2Config), (22 bytes).
    Removing stm32f10x_tim.o(i.TIM_ForcedOC3Config), (18 bytes).
    Removing stm32f10x_tim.o(i.TIM_ForcedOC4Config), (22 bytes).
    Removing stm32f10x_tim.o(i.TIM_GenerateEvent), (4 bytes).
    Removing stm32f10x_tim.o(i.TIM_GetCapture1), (6 bytes).
    Removing stm32f10x_tim.o(i.TIM_GetCapture2), (6 bytes).
    Removing stm32f10x_tim.o(i.TIM_GetCapture3), (6 bytes).
    Removing stm32f10x_tim.o(i.TIM_GetCapture4), (8 bytes).
    Removing stm32f10x_tim.o(i.TIM_GetCounter), (6 bytes).
    Removing stm32f10x_tim.o(i.TIM_GetFlagStatus), (18 bytes).
    Removing stm32f10x_tim.o(i.TIM_GetITStatus), (34 bytes).
    Removing stm32f10x_tim.o(i.TIM_GetPrescaler), (6 bytes).
    Removing stm32f10x_tim.o(i.TIM_ICInit), (110 bytes).
    Removing stm32f10x_tim.o(i.TIM_ICStructInit), (18 bytes).
    Removing stm32f10x_tim.o(i.TIM_ITConfig), (24 bytes).
    Removing stm32f10x_tim.o(i.TIM_ITRxExternalClockConfig), (24 bytes).
    Removing stm32f10x_tim.o(i.TIM_InternalClockConfig), (12 bytes).
    Removing stm32f10x_tim.o(i.TIM_OC1FastConfig), (18 bytes).
    Removing stm32f10x_tim.o(i.TIM_OC1Init), (120 bytes).
    Removing stm32f10x_tim.o(i.TIM_OC1NPolarityConfig), (18 bytes).
    Removing stm32f10x_tim.o(i.TIM_OC1PolarityConfig), (18 bytes).
    Removing stm32f10x_tim.o(i.TIM_OC1PreloadConfig), (18 bytes).
    Removing stm32f10x_tim.o(i.TIM_OC2FastConfig), (22 bytes).
    Removing stm32f10x_tim.o(i.TIM_OC2Init), (148 bytes).
    Removing stm32f10x_tim.o(i.TIM_OC2NPolarityConfig), (22 bytes).
    Removing stm32f10x_tim.o(i.TIM_OC2PolarityConfig), (22 bytes).
    Removing stm32f10x_tim.o(i.TIM_OC2PreloadConfig), (22 bytes).
    Removing stm32f10x_tim.o(i.TIM_OC3FastConfig), (18 bytes).
    Removing stm32f10x_tim.o(i.TIM_OC3Init), (144 bytes).
    Removing stm32f10x_tim.o(i.TIM_OC3NPolarityConfig), (22 bytes).
    Removing stm32f10x_tim.o(i.TIM_OC3PolarityConfig), (22 bytes).
    Removing stm32f10x_tim.o(i.TIM_OC3PreloadConfig), (18 bytes).
    Removing stm32f10x_tim.o(i.TIM_OC4FastConfig), (22 bytes).
    Removing stm32f10x_tim.o(i.TIM_OC4Init), (108 bytes).
    Removing stm32f10x_tim.o(i.TIM_OC4PolarityConfig), (22 bytes).
    Removing stm32f10x_tim.o(i.TIM_OC4PreloadConfig), (22 bytes).
    Removing stm32f10x_tim.o(i.TIM_OCStructInit), (20 bytes).
    Removing stm32f10x_tim.o(i.TIM_PWMIConfig), (124 bytes).
    Removing stm32f10x_tim.o(i.TIM_PrescalerConfig), (6 bytes).
    Removing stm32f10x_tim.o(i.TIM_SelectCCDMA), (24 bytes).
    Removing stm32f10x_tim.o(i.TIM_SelectCOM), (24 bytes).
    Removing stm32f10x_tim.o(i.TIM_SelectHallSensor), (24 bytes).
    Removing stm32f10x_tim.o(i.TIM_SelectInputTrigger), (18 bytes).
    Removing stm32f10x_tim.o(i.TIM_SelectMasterSlaveMode), (18 bytes).
    Removing stm32f10x_tim.o(i.TIM_SelectOCxM), (114 bytes).
    Removing stm32f10x_tim.o(i.TIM_SelectOnePulseMode), (18 bytes).
    Removing stm32f10x_tim.o(i.TIM_SelectOutputTrigger), (18 bytes).
    Removing stm32f10x_tim.o(i.TIM_SelectSlaveMode), (18 bytes).
    Removing stm32f10x_tim.o(i.TIM_SetAutoreload), (4 bytes).
    Removing stm32f10x_tim.o(i.TIM_SetClockDivision), (14 bytes).
    Removing stm32f10x_tim.o(i.TIM_SetCompare1), (4 bytes).
    Removing stm32f10x_tim.o(i.TIM_SetCompare2), (4 bytes).
    Removing stm32f10x_tim.o(i.TIM_SetCompare3), (4 bytes).
    Removing stm32f10x_tim.o(i.TIM_SetCompare4), (6 bytes).
    Removing stm32f10x_tim.o(i.TIM_SetCounter), (4 bytes).
    Removing stm32f10x_tim.o(i.TIM_SetIC1Prescaler), (18 bytes).
    Removing stm32f10x_tim.o(i.TIM_SetIC2Prescaler), (22 bytes).
    Removing stm32f10x_tim.o(i.TIM_SetIC3Prescaler), (18 bytes).
    Removing stm32f10x_tim.o(i.TIM_SetIC4Prescaler), (22 bytes).
    Removing stm32f10x_tim.o(i.TIM_TIxExternalClockConfig), (62 bytes).
    Removing stm32f10x_tim.o(i.TIM_TimeBaseInit), (60 bytes).
    Removing stm32f10x_tim.o(i.TIM_TimeBaseStructInit), (18 bytes).
    Removing stm32f10x_tim.o(i.TIM_UpdateDisableConfig), (24 bytes).
    Removing stm32f10x_tim.o(i.TIM_UpdateRequestConfig), (24 bytes).
    Removing stm32f10x_usart.o(i.USART_ClearFlag), (6 bytes).
    Removing stm32f10x_usart.o(i.USART_ClearITPendingBit), (20 bytes).
    Removing stm32f10x_usart.o(i.USART_ClockInit), (34 bytes).
    Removing stm32f10x_usart.o(i.USART_ClockStructInit), (12 bytes).
    Removing stm32f10x_usart.o(i.USART_DMACmd), (24 bytes).
    Removing stm32f10x_usart.o(i.USART_DeInit), (156 bytes).
    Removing stm32f10x_usart.o(i.USART_GetFlagStatus), (18 bytes).
    Removing stm32f10x_usart.o(i.USART_GetITStatus), (76 bytes).
    Removing stm32f10x_usart.o(i.USART_HalfDuplexCmd), (24 bytes).
    Removing stm32f10x_usart.o(i.USART_ITConfig), (64 bytes).
    Removing stm32f10x_usart.o(i.USART_IrDACmd), (24 bytes).
    Removing stm32f10x_usart.o(i.USART_IrDAConfig), (18 bytes).
    Removing stm32f10x_usart.o(i.USART_LINBreakDetectLengthConfig), (18 bytes).
    Removing stm32f10x_usart.o(i.USART_LINCmd), (24 bytes).
    Removing stm32f10x_usart.o(i.USART_ReceiveData), (10 bytes).
    Removing stm32f10x_usart.o(i.USART_ReceiverWakeUpCmd), (24 bytes).
    Removing stm32f10x_usart.o(i.USART_SendBreak), (10 bytes).
    Removing stm32f10x_usart.o(i.USART_SendData), (8 bytes).
    Removing stm32f10x_usart.o(i.USART_SetAddress), (18 bytes).
    Removing stm32f10x_usart.o(i.USART_SetGuardTime), (16 bytes).
    Removing stm32f10x_usart.o(i.USART_SetPrescaler), (16 bytes).
    Removing stm32f10x_usart.o(i.USART_SmartCardCmd), (24 bytes).
    Removing stm32f10x_usart.o(i.USART_SmartCardNACKCmd), (24 bytes).
    Removing stm32f10x_usart.o(i.USART_StructInit), (24 bytes).
    Removing stm32f10x_usart.o(i.USART_WakeUpConfig), (18 bytes).
    Removing stm32f10x_wwdg.o(i.WWDG_ClearFlag), (12 bytes).
    Removing stm32f10x_wwdg.o(i.WWDG_DeInit), (22 bytes).
    Removing stm32f10x_wwdg.o(i.WWDG_Enable), (16 bytes).
    Removing stm32f10x_wwdg.o(i.WWDG_EnableIT), (12 bytes).
    Removing stm32f10x_wwdg.o(i.WWDG_GetFlagStatus), (12 bytes).
    Removing stm32f10x_wwdg.o(i.WWDG_SetCounter), (16 bytes).
    Removing stm32f10x_wwdg.o(i.WWDG_SetPrescaler), (32 bytes).
    Removing stm32f10x_wwdg.o(i.WWDG_SetWindowValue), (36 bytes).
    Removing cpu_c.o(i.CPU_BitBandClr), (68 bytes).
    Removing cpu_c.o(i.CPU_BitBandSet), (68 bytes).
    Removing cpu_c.o(i.CPU_IntSrcDis), (264 bytes).
    Removing cpu_c.o(i.CPU_IntSrcEn), (264 bytes).
    Removing cpu_c.o(i.CPU_IntSrcPrioGet), (340 bytes).
    Removing cpu_c.o(i.CPU_IntSrcPrioSet), (432 bytes).
    Removing os_core.o(i.OSEventNameGet), (104 bytes).
    Removing os_core.o(i.OSEventNameSet), (124 bytes).
    Removing os_core.o(i.OSEventPendMulti), (600 bytes).
    Removing os_core.o(i.OSIntEnter), (36 bytes).
    Removing os_core.o(i.OSSchedLock), (64 bytes).
    Removing os_core.o(i.OSSchedUnlock), (96 bytes).
    Removing os_core.o(i.OS_Dummy), (2 bytes).
    Removing os_core.o(i.OS_EventTaskRdy), (148 bytes).
    Removing os_core.o(i.OS_EventTaskRemove), (42 bytes).
    Removing os_core.o(i.OS_EventTaskRemoveMulti), (60 bytes).
    Removing os_core.o(i.OS_EventTaskWait), (124 bytes).
    Removing os_core.o(i.OS_EventTaskWaitMulti), (148 bytes).
    Removing os_core.o(i.OS_EventWaitListInit), (28 bytes).
    Removing os_core.o(i.OS_MemCopy), (20 bytes).
    Removing os_flag.o(i.OSFlagAccept), (252 bytes).
    Removing os_flag.o(i.OSFlagCreate), (100 bytes).
    Removing os_flag.o(i.OSFlagDel), (232 bytes).
    Removing os_flag.o(i.OSFlagNameGet), (88 bytes).
    Removing os_flag.o(i.OSFlagNameSet), (108 bytes).
    Removing os_flag.o(i.OSFlagPend), (600 bytes).
    Removing os_flag.o(i.OSFlagPendGetFlagsRdy), (32 bytes).
    Removing os_flag.o(i.OSFlagPost), (312 bytes).
    Removing os_flag.o(i.OSFlagQuery), (48 bytes).
    Removing os_flag.o(i.OS_FlagBlock), (164 bytes).
    Removing os_flag.o(i.OS_FlagTaskRdy), (104 bytes).
    Removing os_flag.o(i.OS_FlagUnlink), (36 bytes).
    Removing os_mbox.o(i.OSMboxAccept), (38 bytes).
    Removing os_mbox.o(i.OSMboxCreate), (88 bytes).
    Removing os_mbox.o(i.OSMboxDel), (228 bytes).
    Removing os_mbox.o(i.OSMboxPend), (268 bytes).
    Removing os_mbox.o(i.OSMboxPendAbort), (128 bytes).
    Removing os_mbox.o(i.OSMboxPost), (80 bytes).
    Removing os_mbox.o(i.OSMboxPostOpt), (120 bytes).
    Removing os_mbox.o(i.OSMboxQuery), (76 bytes).
    Removing os_sem.o(i.OSSemAccept), (44 bytes).
    Removing os_sem.o(i.OSSemCreate), (88 bytes).
    Removing os_sem.o(i.OSSemDel), (228 bytes).
    Removing os_sem.o(i.OSSemPend), (248 bytes).
    Removing os_sem.o(i.OSSemPendAbort), (128 bytes).
    Removing os_sem.o(i.OSSemPost), (88 bytes).
    Removing os_sem.o(i.OSSemQuery), (82 bytes).
    Removing os_sem.o(i.OSSemSet), (68 bytes).
    Removing os_task.o(i.OSTaskChangePrio), (416 bytes).
    Removing os_task.o(i.OSTaskDel), (360 bytes).
    Removing os_task.o(i.OSTaskDelReq), (108 bytes).
    Removing os_task.o(i.OSTaskNameGet), (128 bytes).
    Removing os_task.o(i.OSTaskQuery), (92 bytes).
    Removing os_task.o(i.OSTaskResume), (176 bytes).
    Removing os_time.o(i.OSTimeDlyResume), (188 bytes).
    Removing os_time.o(i.OSTimeGet), (28 bytes).
    Removing os_cpu_c.o(i.OSTaskDelHook), (12 bytes).
    Removing os_dbg.o(.constdata), (2 bytes).
    Removing lib_mem.o(i.Mem_Clr), (18 bytes).
    Removing lib_mem.o(i.Mem_Cmp), (196 bytes).
    Removing lib_mem.o(i.Mem_Init), (2 bytes).
    Removing lib_mem.o(i.Mem_Set), (110 bytes).
    Removing lib_str.o(i.Str_Cat), (72 bytes).
    Removing lib_str.o(i.Str_Cat_N), (84 bytes).
    Removing lib_str.o(i.Str_Char), (44 bytes).
    Removing lib_str.o(i.Str_Char_Last), (52 bytes).
    Removing lib_str.o(i.Str_Char_N), (60 bytes).
    Removing lib_str.o(i.Str_Cmp), (110 bytes).
    Removing lib_str.o(i.Str_Cmp_N), (140 bytes).
    Removing lib_str.o(i.Str_Copy), (52 bytes).
    Removing lib_str.o(i.Str_Copy_N), (66 bytes).
    Removing lib_str.o(i.Str_Len), (20 bytes).
    Removing lib_str.o(i.Str_Str), (134 bytes).
    Removing lib_mem_a.o(.text), (544 bytes).
    Removing lcd_driver.o(i.LCD_ShowChar), (180 bytes).
    Removing lcd_driver.o(i.LCD_ShowString), (46 bytes).
    Removing touch.o(i.inttostr), (114 bytes).
    Removing dadd.o(.text), (330 bytes).
    Removing dmul.o(.text), (226 bytes).
    Removing ddiv.o(.text), (222 bytes).
    Removing dfixul.o(.text), (48 bytes).
    Removing cdrcmple.o(.text), (40 bytes).
    Removing depilogue.o(.text), (194 bytes).

610 unused section(s) (total 29538 bytes) removed from the image.

==============================================================================

Image Symbol Table

    Local Symbols

    Symbol Name                              Value     Ov Type        Size  Object(Section)

    ../../microlib/division.c                0x00000000   Number         0  uldiv.o ABSOLUTE
    ../../microlib/division.c                0x00000000   Number         0  uidiv.o ABSOLUTE
    ../../microlib/fpadd.c                   0x00000000   Number         0  dadd.o ABSOLUTE
    ../../microlib/fpdiv.c                   0x00000000   Number         0  ddiv.o ABSOLUTE
    ../../microlib/fpepilogue.c              0x00000000   Number         0  depilogue.o ABSOLUTE
    ../../microlib/fpfix.c                   0x00000000   Number         0  dfixul.o ABSOLUTE
    ../../microlib/fpmul.c                   0x00000000   Number         0  dmul.o ABSOLUTE
    ../../microlib/init/entry.s              0x00000000   Number         0  entry4.o ABSOLUTE
    ../../microlib/init/entry.s              0x00000000   Number         0  entry7.o ABSOLUTE
    ../../microlib/init/entry.s              0x00000000   Number         0  entry5.o ABSOLUTE
    ../../microlib/init/entry.s              0x00000000   Number         0  entry.o ABSOLUTE
    ../../microlib/longlong.c                0x00000000   Number         0  llsshr.o ABSOLUTE
    ../../microlib/longlong.c                0x00000000   Number         0  llshl.o ABSOLUTE
    ../../microlib/longlong.c                0x00000000   Number         0  llushr.o ABSOLUTE
    ../../microlib/printf/printf.c           0x00000000   Number         0  printf5.o ABSOLUTE
    ../../microlib/printf/printf.c           0x00000000   Number         0  printf1.o ABSOLUTE
    ../../microlib/printf/printf.c           0x00000000   Number         0  printfb.o ABSOLUTE
    ../../microlib/printf/printf.c           0x00000000   Number         0  printf0.o ABSOLUTE
    ../../microlib/printf/printf.c           0x00000000   Number         0  printfa.o ABSOLUTE
    ../../microlib/printf/printf.c           0x00000000   Number         0  printf8.o ABSOLUTE
    ../../microlib/printf/printf.c           0x00000000   Number         0  printf7.o ABSOLUTE
    ../../microlib/printf/printf.c           0x00000000   Number         0  printf6.o ABSOLUTE
    ../../microlib/printf/printf.c           0x00000000   Number         0  printf4.o ABSOLUTE
    ../../microlib/printf/printf.c           0x00000000   Number         0  printf3.o ABSOLUTE
    ../../microlib/printf/printf.c           0x00000000   Number         0  printf2.o ABSOLUTE
    ../../microlib/printf/stubs.s            0x00000000   Number         0  stubs.o ABSOLUTE
    ../../microlib/stdio/streams.c           0x00000000   Number         0  stdout.o ABSOLUTE
    ../../microlib/stubs.s                   0x00000000   Number         0  iusefp.o ABSOLUTE
    ..\BSP\bsp.c                             0x00000000   Number         0  bsp.o ABSOLUTE
    ..\BSP\bsp_int.c                         0x00000000   Number         0  bsp_int.o ABSOLUTE
    ..\BSP\init.s                            0x00000000   Number         0  init.o ABSOLUTE
    ..\TFT\LCD_driver.c                      0x00000000   Number         0  lcd_driver.o ABSOLUTE
    ..\Touch\touch.c                         0x00000000   Number         0  touch.o ABSOLUTE
    ..\uC-CPU\ARM-Cortex-M3\cpu_a.asm        0x00000000   Number         0  cpu_a.o ABSOLUTE
    ..\uC-CPU\ARM-Cortex-M3\cpu_c.c          0x00000000   Number         0  cpu_c.o ABSOLUTE
    ..\uC-LIB\Ports\lib_mem_a.asm            0x00000000   Number         0  lib_mem_a.o ABSOLUTE
    ..\uC-LIB\lib_mem.c                      0x00000000   Number         0  lib_mem.o ABSOLUTE
    ..\uC-LIB\lib_str.c                      0x00000000   Number         0  lib_str.o ABSOLUTE
    ..\uCOS-II\Ports\os_cpu_a.asm            0x00000000   Number         0  os_cpu_a.o ABSOLUTE
    ..\uCOS-II\Ports\os_cpu_c.c              0x00000000   Number         0  os_cpu_c.o ABSOLUTE
    ..\uCOS-II\Ports\os_dbg.c                0x00000000   Number         0  os_dbg.o ABSOLUTE
    ..\uCOS-II\Source\os_core.c              0x00000000   Number         0  os_core.o ABSOLUTE
    ..\uCOS-II\Source\os_flag.c              0x00000000   Number         0  os_flag.o ABSOLUTE
    ..\uCOS-II\Source\os_mbox.c              0x00000000   Number         0  os_mbox.o ABSOLUTE
    ..\uCOS-II\Source\os_mem.c               0x00000000   Number         0  os_mem.o ABSOLUTE
    ..\uCOS-II\Source\os_mutex.c             0x00000000   Number         0  os_mutex.o ABSOLUTE
    ..\uCOS-II\Source\os_q.c                 0x00000000   Number         0  os_q.o ABSOLUTE
    ..\uCOS-II\Source\os_sem.c               0x00000000   Number         0  os_sem.o ABSOLUTE
    ..\uCOS-II\Source\os_task.c              0x00000000   Number         0  os_task.o ABSOLUTE
    ..\uCOS-II\Source\os_time.c              0x00000000   Number         0  os_time.o ABSOLUTE
    ..\uCOS-II\Source\os_tmr.c               0x00000000   Number         0  os_tmr.o ABSOLUTE
    ..\usart\Com.c                           0x00000000   Number         0  com.o ABSOLUTE
    D:\Keil\ARM\RV31\LIB\ST\STM32F10x\stm32f10x_adc.c 0x00000000   Number         0  stm32f10x_adc.o ABSOLUTE
    D:\Keil\ARM\RV31\LIB\ST\STM32F10x\stm32f10x_bkp.c 0x00000000   Number         0  stm32f10x_bkp.o ABSOLUTE
    D:\Keil\ARM\RV31\LIB\ST\STM32F10x\stm32f10x_can.c 0x00000000   Number         0  stm32f10x_can.o ABSOLUTE
    D:\Keil\ARM\RV31\LIB\ST\STM32F10x\stm32f10x_crc.c 0x00000000   Number         0  stm32f10x_crc.o ABSOLUTE
    D:\Keil\ARM\RV31\LIB\ST\STM32F10x\stm32f10x_dac.c 0x00000000   Number         0  stm32f10x_dac.o ABSOLUTE
    D:\Keil\ARM\RV31\LIB\ST\STM32F10x\stm32f10x_dbgmcu.c 0x00000000   Number         0  stm32f10x_dbgmcu.o ABSOLUTE
    D:\Keil\ARM\RV31\LIB\ST\STM32F10x\stm32f10x_dma.c 0x00000000   Number         0  stm32f10x_dma.o ABSOLUTE
    D:\Keil\ARM\RV31\LIB\ST\STM32F10x\stm32f10x_exti.c 0x00000000   Number         0  stm32f10x_exti.o ABSOLUTE
    D:\Keil\ARM\RV31\LIB\ST\STM32F10x\stm32f10x_flash.c 0x00000000   Number         0  stm32f10x_flash.o ABSOLUTE
    D:\Keil\ARM\RV31\LIB\ST\STM32F10x\stm32f10x_fsmc.c 0x00000000   Number         0  stm32f10x_fsmc.o ABSOLUTE
    D:\Keil\ARM\RV31\LIB\ST\STM32F10x\stm32f10x_gpio.c 0x00000000   Number         0  stm32f10x_gpio.o ABSOLUTE
    D:\Keil\ARM\RV31\LIB\ST\STM32F10x\stm32f10x_i2c.c 0x00000000   Number         0  stm32f10x_i2c.o ABSOLUTE
    D:\Keil\ARM\RV31\LIB\ST\STM32F10x\stm32f10x_it.c 0x00000000   Number         0  stm32f10x_it.o ABSOLUTE
    D:\Keil\ARM\RV31\LIB\ST\STM32F10x\stm32f10x_iwdg.c 0x00000000   Number         0  stm32f10x_iwdg.o ABSOLUTE
    D:\Keil\ARM\RV31\LIB\ST\STM32F10x\stm32f10x_lib.c 0x00000000   Number         0  stm32f10x_lib.o ABSOLUTE
    D:\Keil\ARM\RV31\LIB\ST\STM32F10x\stm32f10x_nvic.c 0x00000000   Number         0  stm32f10x_nvic.o ABSOLUTE
    D:\Keil\ARM\RV31\LIB\ST\STM32F10x\stm32f10x_pwr.c 0x00000000   Number         0  stm32f10x_pwr.o ABSOLUTE
    D:\Keil\ARM\RV31\LIB\ST\STM32F10x\stm32f10x_rcc.c 0x00000000   Number         0  stm32f10x_rcc.o ABSOLUTE
    D:\Keil\ARM\RV31\LIB\ST\STM32F10x\stm32f10x_rtc.c 0x00000000   Number         0  stm32f10x_rtc.o ABSOLUTE
    D:\Keil\ARM\RV31\LIB\ST\STM32F10x\stm32f10x_sdio.c 0x00000000   Number         0  stm32f10x_sdio.o ABSOLUTE
    D:\Keil\ARM\RV31\LIB\ST\STM32F10x\stm32f10x_spi.c 0x00000000   Number         0  stm32f10x_spi.o ABSOLUTE
    D:\Keil\ARM\RV31\LIB\ST\STM32F10x\stm32f10x_systick.c 0x00000000   Number         0  stm32f10x_systick.o ABSOLUTE
    D:\Keil\ARM\RV31\LIB\ST\STM32F10x\stm32f10x_tim.c 0x00000000   Number         0  stm32f10x_tim.o ABSOLUTE
    D:\Keil\ARM\RV31\LIB\ST\STM32F10x\stm32f10x_usart.c 0x00000000   Number         0  stm32f10x_usart.o ABSOLUTE
    D:\Keil\ARM\RV31\LIB\ST\STM32F10x\stm32f10x_wwdg.c 0x00000000   Number         0  stm32f10x_wwdg.o ABSOLUTE
    app.c                                    0x00000000   Number         0  app.o ABSOLUTE
    cdrcmple.s                               0x00000000   Number         0  cdrcmple.o ABSOLUTE
    dc.s                                     0x00000000   Number         0  dc.o ABSOLUTE
    handlers.s                               0x00000000   Number         0  handlers.o ABSOLUTE
    init.s                                   0x00000000   Number         0  init.o ABSOLUTE
    vectors.s                                0x00000000   Number         0  vectors.o ABSOLUTE
    VECT                                     0x08000000   Section      248  vectors.o(VECT)
    App_NMI_ISR                              0x080000ed   Thumb Code     2  vectors.o(VECT)
    App_Fault_ISR                            0x080000ef   Thumb Code     2  vectors.o(VECT)
    App_MemFault_ISR                         0x080000f1   Thumb Code     2  vectors.o(VECT)
    App_BusFault_ISR                         0x080000f3   Thumb Code     2  vectors.o(VECT)
    App_UsageFault_ISR                       0x080000f5   Thumb Code     2  vectors.o(VECT)
    App_Spurious_ISR                         0x080000f7   Thumb Code     2  vectors.o(VECT)
    .ARM.Collect$$$$00000000                 0x080000f8   Section        0  entry.o(.ARM.Collect$$$$00000000)
    .ARM.Collect$$$$00000003                 0x080000f8   Section        4  entry4.o(.ARM.Collect$$$$00000003)
    .ARM.Collect$$$$00000004                 0x080000fc   Section        4  entry5.o(.ARM.Collect$$$$00000004)
    .ARM.Collect$$$$00000007                 0x08000100   Section        8  entry7.o(.ARM.Collect$$$$00000007)
    .ARM.Collect$$$$00002714                 0x08000108   Section        4  entry4.o(.ARM.Collect$$$$00002714)
    __lit__00000000                          0x08000108   Data           4  entry4.o(.ARM.Collect$$$$00002714)
    .text                                    0x0800010c   Section       42  cpu_a.o(.text)
    .text                                    0x08000138   Section      164  os_cpu_a.o(.text)
    .text                                    0x080001dc   Section        0  uldiv.o(.text)
    .text                                    0x08000244   Section       36  init.o(.text)
    .text                                    0x08000268   Section        0  llshl.o(.text)
    .text                                    0x08000286   Section        0  llushr.o(.text)
    INIT                                     0x080002a8   Section       44  init.o(INIT)
    i.AD7843                                 0x080002d4   Section        0  touch.o(i.AD7843)
    i.ADS_Read_XY                            0x08000320   Section        0  touch.o(i.ADS_Read_XY)
    i.Address_set                            0x0800038a   Section        0  lcd_driver.o(i.Address_set)
    i.App_DispScr_SignOn                     0x0800040c   Section        0  app.o(i.App_DispScr_SignOn)
    App_DispScr_SignOn                       0x0800040d   Thumb Code   130  app.o(i.App_DispScr_SignOn)
    i.App_TCBInitHook                        0x08000560   Section        0  app.o(i.App_TCBInitHook)
    i.App_TaskCreate                         0x08000564   Section        0  app.o(i.App_TaskCreate)
    App_TaskCreate                           0x08000565   Thumb Code    72  app.o(i.App_TaskCreate)
    i.App_TaskCreateHook                     0x080005bc   Section        0  app.o(i.App_TaskCreateHook)
    i.App_TaskIdleHook                       0x080005be   Section        0  app.o(i.App_TaskIdleHook)
    i.App_TaskLCD                            0x080005c0   Section        0  app.o(i.App_TaskLCD)
    App_TaskLCD                              0x080005c1   Thumb Code   122  app.o(i.App_TaskLCD)
    i.App_TaskStart                          0x08000644   Section        0  app.o(i.App_TaskStart)
    App_TaskStart                            0x08000645   Thumb Code    60  app.o(i.App_TaskStart)
    i.App_TaskStatHook                       0x080006a8   Section        0  app.o(i.App_TaskStatHook)
    i.App_TaskSwHook                         0x080006aa   Section        0  app.o(i.App_TaskSwHook)
    i.App_TaskTouch                          0x080006ac   Section        0  app.o(i.App_TaskTouch)
    App_TaskTouch                            0x080006ad   Thumb Code   138  app.o(i.App_TaskTouch)
    i.BSP_CPU_ClkFreq                        0x08000780   Section        0  bsp.o(i.BSP_CPU_ClkFreq)
    i.BSP_Init                               0x08000790   Section        0  bsp.o(i.BSP_Init)
    i.BSP_IntHandler                         0x080007a8   Section        0  bsp_int.o(i.BSP_IntHandler)
    BSP_IntHandler                           0x080007a9   Thumb Code    46  bsp_int.o(i.BSP_IntHandler)
    i.BSP_IntHandlerADC1_2                   0x080007e0   Section        0  bsp_int.o(i.BSP_IntHandlerADC1_2)
    i.BSP_IntHandlerCAN_RX1                  0x080007ea   Section        0  bsp_int.o(i.BSP_IntHandlerCAN_RX1)
    i.BSP_IntHandlerCAN_SCE                  0x080007f4   Section        0  bsp_int.o(i.BSP_IntHandlerCAN_SCE)
    i.BSP_IntHandlerDMA1_CH1                 0x080007fe   Section        0  bsp_int.o(i.BSP_IntHandlerDMA1_CH1)
    i.BSP_IntHandlerDMA1_CH2                 0x08000808   Section        0  bsp_int.o(i.BSP_IntHandlerDMA1_CH2)
    i.BSP_IntHandlerDMA1_CH3                 0x08000812   Section        0  bsp_int.o(i.BSP_IntHandlerDMA1_CH3)
    i.BSP_IntHandlerDMA1_CH4                 0x0800081c   Section        0  bsp_int.o(i.BSP_IntHandlerDMA1_CH4)
    i.BSP_IntHandlerDMA1_CH5                 0x08000826   Section        0  bsp_int.o(i.BSP_IntHandlerDMA1_CH5)
    i.BSP_IntHandlerDMA1_CH6                 0x08000830   Section        0  bsp_int.o(i.BSP_IntHandlerDMA1_CH6)
    i.BSP_IntHandlerDMA1_CH7                 0x0800083a   Section        0  bsp_int.o(i.BSP_IntHandlerDMA1_CH7)
    i.BSP_IntHandlerEXTI0                    0x08000844   Section        0  bsp_int.o(i.BSP_IntHandlerEXTI0)
    i.BSP_IntHandlerEXTI1                    0x0800084e   Section        0  bsp_int.o(i.BSP_IntHandlerEXTI1)
    i.BSP_IntHandlerEXTI15_10                0x08000858   Section        0  bsp_int.o(i.BSP_IntHandlerEXTI15_10)
    i.BSP_IntHandlerEXTI2                    0x08000862   Section        0  bsp_int.o(i.BSP_IntHandlerEXTI2)
    i.BSP_IntHandlerEXTI3                    0x0800086c   Section        0  bsp_int.o(i.BSP_IntHandlerEXTI3)
    i.BSP_IntHandlerEXTI4                    0x08000876   Section        0  bsp_int.o(i.BSP_IntHandlerEXTI4)
    i.BSP_IntHandlerEXTI9_5                  0x08000880   Section        0  bsp_int.o(i.BSP_IntHandlerEXTI9_5)
    i.BSP_IntHandlerFLASH                    0x0800088a   Section        0  bsp_int.o(i.BSP_IntHandlerFLASH)
    i.BSP_IntHandlerI2C1_ER                  0x08000894   Section        0  bsp_int.o(i.BSP_IntHandlerI2C1_ER)
    i.BSP_IntHandlerI2C1_EV                  0x0800089e   Section        0  bsp_int.o(i.BSP_IntHandlerI2C1_EV)
    i.BSP_IntHandlerI2C2_ER                  0x080008a8   Section        0  bsp_int.o(i.BSP_IntHandlerI2C2_ER)
    i.BSP_IntHandlerI2C2_EV                  0x080008b2   Section        0  bsp_int.o(i.BSP_IntHandlerI2C2_EV)
    i.BSP_IntHandlerPVD                      0x080008bc   Section        0  bsp_int.o(i.BSP_IntHandlerPVD)
    i.BSP_IntHandlerRCC                      0x080008c6   Section        0  bsp_int.o(i.BSP_IntHandlerRCC)
    i.BSP_IntHandlerRTC                      0x080008d0   Section        0  bsp_int.o(i.BSP_IntHandlerRTC)
    i.BSP_IntHandlerRTCAlarm                 0x080008da   Section        0  bsp_int.o(i.BSP_IntHandlerRTCAlarm)
    i.BSP_IntHandlerSPI1                     0x080008e4   Section        0  bsp_int.o(i.BSP_IntHandlerSPI1)
    i.BSP_IntHandlerSPI2                     0x080008ee   Section        0  bsp_int.o(i.BSP_IntHandlerSPI2)
    i.BSP_IntHandlerTAMPER                   0x080008f8   Section        0  bsp_int.o(i.BSP_IntHandlerTAMPER)
    i.BSP_IntHandlerTIM1_BRK                 0x08000902   Section        0  bsp_int.o(i.BSP_IntHandlerTIM1_BRK)
    i.BSP_IntHandlerTIM1_CC                  0x0800090c   Section        0  bsp_int.o(i.BSP_IntHandlerTIM1_CC)
    i.BSP_IntHandlerTIM1_TRG_COM             0x08000916   Section        0  bsp_int.o(i.BSP_IntHandlerTIM1_TRG_COM)
    i.BSP_IntHandlerTIM1_UP                  0x08000920   Section        0  bsp_int.o(i.BSP_IntHandlerTIM1_UP)
    i.BSP_IntHandlerTIM2                     0x0800092a   Section        0  bsp_int.o(i.BSP_IntHandlerTIM2)
    i.BSP_IntHandlerTIM3                     0x08000934   Section        0  bsp_int.o(i.BSP_IntHandlerTIM3)
    i.BSP_IntHandlerTIM4                     0x0800093e   Section        0  bsp_int.o(i.BSP_IntHandlerTIM4)
    i.BSP_IntHandlerUSART1                   0x08000948   Section        0  bsp_int.o(i.BSP_IntHandlerUSART1)
    i.BSP_IntHandlerUSART2                   0x08000952   Section        0  bsp_int.o(i.BSP_IntHandlerUSART2)
    i.BSP_IntHandlerUSART3                   0x0800095c   Section        0  bsp_int.o(i.BSP_IntHandlerUSART3)
    i.BSP_IntHandlerUSBWakeUp                0x08000966   Section        0  bsp_int.o(i.BSP_IntHandlerUSBWakeUp)
    i.BSP_IntHandlerUSB_HP_CAN_TX            0x08000970   Section        0  bsp_int.o(i.BSP_IntHandlerUSB_HP_CAN_TX)
    i.BSP_IntHandlerUSB_LP_CAN_RX0           0x0800097a   Section        0  bsp_int.o(i.BSP_IntHandlerUSB_LP_CAN_RX0)
    i.BSP_IntHandlerWWDG                     0x08000984   Section        0  bsp_int.o(i.BSP_IntHandlerWWDG)
    i.ChineseChar                            0x08000990   Section        0  lcd_driver.o(i.ChineseChar)
    i.Delay                                  0x08000a58   Section        0  touch.o(i.Delay)
    Delay                                    0x08000a59   Thumb Code    10  touch.o(i.Delay)
    i.FLASH_PrefetchBufferCmd                0x08000a64   Section        0  stm32f10x_flash.o(i.FLASH_PrefetchBufferCmd)
    i.FLASH_SetLatency                       0x08000a80   Section        0  stm32f10x_flash.o(i.FLASH_SetLatency)
    i.GPIO_Configuration                     0x08000a9c   Section        0  bsp.o(i.GPIO_Configuration)
    i.GPIO_Init                              0x08000b4c   Section        0  stm32f10x_gpio.o(i.GPIO_Init)
    i.GPIO_PinRemapConfig                    0x08000c5c   Section        0  stm32f10x_gpio.o(i.GPIO_PinRemapConfig)
    i.GPIO_ReadInputDataBit                  0x08000ccc   Section        0  stm32f10x_gpio.o(i.GPIO_ReadInputDataBit)
    i.GPIO_ResetBits                         0x08000cde   Section        0  stm32f10x_gpio.o(i.GPIO_ResetBits)
    i.GPIO_SetBits                           0x08000ce2   Section        0  stm32f10x_gpio.o(i.GPIO_SetBits)
    i.GPIO_Write                             0x08000ce6   Section        0  stm32f10x_gpio.o(i.GPIO_Write)
    i.LCD_Init                               0x08000cec   Section        0  lcd_driver.o(i.LCD_Init)
    i.LCD_Writ_Bus                           0x08000fd8   Section        0  lcd_driver.o(i.LCD_Writ_Bus)
    i.LCD_Write_COM                          0x08001030   Section        0  lcd_driver.o(i.LCD_Write_COM)
    i.LCD_Write_DATA                         0x0800104c   Section        0  lcd_driver.o(i.LCD_Write_DATA)
    i.NVIC_Configuration                     0x08001068   Section        0  bsp.o(i.NVIC_Configuration)
    i.NVIC_PriorityGroupConfig               0x08001080   Section        0  stm32f10x_nvic.o(i.NVIC_PriorityGroupConfig)
    i.NVIC_SetVectorTable                    0x08001094   Section        0  stm32f10x_nvic.o(i.NVIC_SetVectorTable)
    i.OSInit                                 0x080010a8   Section        0  os_core.o(i.OSInit)
    i.OSInitHookBegin                        0x080010d0   Section        0  os_cpu_c.o(i.OSInitHookBegin)
    i.OSInitHookEnd                          0x080010d2   Section        0  os_cpu_c.o(i.OSInitHookEnd)
    i.OSIntExit                              0x080010d4   Section        0  os_core.o(i.OSIntExit)
    i.OSStart                                0x08001164   Section        0  os_core.o(i.OSStart)
    i.OSStatInit                             0x080011ac   Section        0  os_core.o(i.OSStatInit)
    i.OSTCBInitHook                          0x080011f8   Section        0  os_cpu_c.o(i.OSTCBInitHook)
    i.OSTaskCreate                           0x08001204   Section        0  os_task.o(i.OSTaskCreate)
    i.OSTaskCreateExt                        0x080012a4   Section        0  os_task.o(i.OSTaskCreateExt)
    i.OSTaskCreateHook                       0x0800135c   Section        0  os_cpu_c.o(i.OSTaskCreateHook)
    i.OSTaskIdleHook                         0x08001368   Section        0  os_cpu_c.o(i.OSTaskIdleHook)
    i.OSTaskNameSet                          0x08001370   Section        0  os_task.o(i.OSTaskNameSet)
    i.OSTaskStatHook                         0x08001400   Section        0  os_cpu_c.o(i.OSTaskStatHook)
    i.OSTaskStkChk                           0x08001408   Section        0  os_task.o(i.OSTaskStkChk)
    i.OSTaskStkInit                          0x08001494   Section        0  os_cpu_c.o(i.OSTaskStkInit)
    i.OSTaskSuspend                          0x08001530   Section        0  os_task.o(i.OSTaskSuspend)
    i.OSTaskSwHook                           0x080015d8   Section        0  os_cpu_c.o(i.OSTaskSwHook)
    i.OSTimeDly                              0x080015e0   Section        0  os_time.o(i.OSTimeDly)
    i.OSTimeDlyHMSM                          0x08001650   Section        0  os_time.o(i.OSTimeDlyHMSM)
    i.OSTimeSet                              0x080016c0   Section        0  os_time.o(i.OSTimeSet)
    i.OSTimeTick                             0x080016dc   Section        0  os_core.o(i.OSTimeTick)
    i.OSTimeTickHook                         0x080017d0   Section        0  os_cpu_c.o(i.OSTimeTickHook)
    i.OSVersion                              0x080017d2   Section        0  os_core.o(i.OSVersion)
    i.OS_CPU_SysTickClkFreq                  0x080017d8   Section        0  bsp.o(i.OS_CPU_SysTickClkFreq)
    i.OS_CPU_SysTickHandler                  0x080017e4   Section        0  os_cpu_c.o(i.OS_CPU_SysTickHandler)
    i.OS_CPU_SysTickInit                     0x0800180c   Section        0  os_cpu_c.o(i.OS_CPU_SysTickInit)
    i.OS_FlagInit                            0x08001838   Section        0  os_flag.o(i.OS_FlagInit)
    i.OS_InitEventList                       0x08001884   Section        0  os_core.o(i.OS_InitEventList)
    OS_InitEventList                         0x08001885   Thumb Code    70  os_core.o(i.OS_InitEventList)
    i.OS_InitMisc                            0x080018d4   Section        0  os_core.o(i.OS_InitMisc)
    OS_InitMisc                              0x080018d5   Thumb Code    44  os_core.o(i.OS_InitMisc)
    i.OS_InitRdyList                         0x08001928   Section        0  os_core.o(i.OS_InitRdyList)
    OS_InitRdyList                           0x08001929   Thumb Code    46  os_core.o(i.OS_InitRdyList)
    i.OS_InitTCBList                         0x08001970   Section        0  os_core.o(i.OS_InitTCBList)
    OS_InitTCBList                           0x08001971   Thumb Code    86  os_core.o(i.OS_InitTCBList)
    i.OS_InitTaskIdle                        0x080019d8   Section        0  os_core.o(i.OS_InitTaskIdle)
    OS_InitTaskIdle                          0x080019d9   Thumb Code    54  os_core.o(i.OS_InitTaskIdle)
    i.OS_InitTaskStat                        0x08001a28   Section        0  os_core.o(i.OS_InitTaskStat)
    OS_InitTaskStat                          0x08001a29   Thumb Code    54  os_core.o(i.OS_InitTaskStat)
    i.OS_MemClr                              0x08001a78   Section        0  os_core.o(i.OS_MemClr)
    i.OS_Sched                               0x08001a8c   Section        0  os_core.o(i.OS_Sched)
    i.OS_SchedNew                            0x08001b00   Section        0  os_core.o(i.OS_SchedNew)
    OS_SchedNew                              0x08001b01   Thumb Code    26  os_core.o(i.OS_SchedNew)
    i.OS_StrCopy                             0x08001b2c   Section        0  os_core.o(i.OS_StrCopy)
    i.OS_StrLen                              0x08001b48   Section        0  os_core.o(i.OS_StrLen)
    i.OS_TCBInit                             0x08001b5c   Section        0  os_core.o(i.OS_TCBInit)
    i.OS_TaskIdle                            0x08001c90   Section        0  os_core.o(i.OS_TaskIdle)
    i.OS_TaskStat                            0x08001cb4   Section        0  os_core.o(i.OS_TaskStat)
    i.OS_TaskStatStkChk                      0x08001d3c   Section        0  os_core.o(i.OS_TaskStatStkChk)
    i.OS_TaskStkClr                          0x08001d78   Section        0  os_task.o(i.OS_TaskStkClr)
    i.Pant                                   0x08001d94   Section        0  lcd_driver.o(i.Pant)
    i.RCC_APB2PeriphClockCmd                 0x08001de4   Section        0  stm32f10x_rcc.o(i.RCC_APB2PeriphClockCmd)
    i.RCC_Configuration                      0x08001e04   Section        0  bsp.o(i.RCC_Configuration)
    i.RCC_DeInit                             0x08001e78   Section        0  stm32f10x_rcc.o(i.RCC_DeInit)
    i.RCC_GetClocksFreq                      0x08001ec4   Section        0  stm32f10x_rcc.o(i.RCC_GetClocksFreq)
    i.RCC_GetFlagStatus                      0x08001f98   Section        0  stm32f10x_rcc.o(i.RCC_GetFlagStatus)
    i.RCC_GetSYSCLKSource                    0x08001fd4   Section        0  stm32f10x_rcc.o(i.RCC_GetSYSCLKSource)
    i.RCC_HCLKConfig                         0x08001fe4   Section        0  stm32f10x_rcc.o(i.RCC_HCLKConfig)
    i.RCC_HSEConfig                          0x08001ffc   Section        0  stm32f10x_rcc.o(i.RCC_HSEConfig)
    i.RCC_PCLK1Config                        0x08002048   Section        0  stm32f10x_rcc.o(i.RCC_PCLK1Config)
    i.RCC_PCLK2Config                        0x08002060   Section        0  stm32f10x_rcc.o(i.RCC_PCLK2Config)
    i.RCC_PLLCmd                             0x08002078   Section        0  stm32f10x_rcc.o(i.RCC_PLLCmd)
    i.RCC_PLLConfig                          0x08002084   Section        0  stm32f10x_rcc.o(i.RCC_PLLConfig)
    i.RCC_SYSCLKConfig                       0x080020a0   Section        0  stm32f10x_rcc.o(i.RCC_SYSCLKConfig)
    i.RCC_WaitForHSEStartUp                  0x080020b8   Section        0  stm32f10x_rcc.o(i.RCC_WaitForHSEStartUp)
    i.ReadFromCharFrom7843                   0x08002100   Section        0  touch.o(i.ReadFromCharFrom7843)
    i.Read_ADS                               0x08002144   Section        0  touch.o(i.Read_ADS)
    i.Read_ADS2                              0x08002172   Section        0  touch.o(i.Read_ADS2)
    i.USART1_InitConfig                      0x08002200   Section        0  com.o(i.USART1_InitConfig)
    i.USART_Cmd                              0x08002234   Section        0  stm32f10x_usart.o(i.USART_Cmd)
    i.USART_Init                             0x0800224c   Section        0  stm32f10x_usart.o(i.USART_Init)
    i.WriteCharTo7843                        0x080022e8   Section        0  touch.o(i.WriteCharTo7843)
    i.__0printf$4                            0x08002340   Section        0  printf4.o(i.__0printf$4)
    i.__scatterload_copy                     0x08002360   Section       14  handlers.o(i.__scatterload_copy)
    i.__scatterload_null                     0x0800236e   Section        2  handlers.o(i.__scatterload_null)
    i.__scatterload_zeroinit                 0x08002370   Section       14  handlers.o(i.__scatterload_zeroinit)
    i._printf_core                           0x08002380   Section        0  printf4.o(i._printf_core)
    _printf_core                             0x08002381   Thumb Code   546  printf4.o(i._printf_core)
    i.delayms                                0x080025a8   Section        0  lcd_driver.o(i.delayms)
    delayms                                  0x080025a9   Thumb Code    26  lcd_driver.o(i.delayms)
    i.fputc                                  0x080025c4   Section        0  com.o(i.fputc)
    i.main                                   0x080025e4   Section        0  app.o(i.main)
    i.spistar                                0x08002670   Section        0  touch.o(i.spistar)
    .constdata                               0x080026c0   Section       20  stm32f10x_rcc.o(.constdata)
    APBAHBPrescTable                         0x080026c0   Data          16  stm32f10x_rcc.o(.constdata)
    ADCPrescTable                            0x080026d0   Data           4  stm32f10x_rcc.o(.constdata)
    .constdata                               0x080026d4   Section      256  os_core.o(.constdata)
    .constdata                               0x080027d4   Section     7236  lcd_driver.o(.constdata)
    .data                                    0x20000000   Section        5  stm32f10x_rcc.o(.data)
    StartUpCounter                           0x20000000   Data           4  stm32f10x_rcc.o(.data)
    HSEStatus                                0x20000004   Data           1  stm32f10x_rcc.o(.data)
    .data                                    0x20000008   Section       64  os_core.o(.data)
    .data                                    0x20000048   Section       32  lcd_driver.o(.data)
    .data                                    0x20000068   Section        4  stdout.o(.data)
    .bss                                     0x2000006c   Section     1536  app.o(.bss)
    AppTaskStartStk                          0x2000006c   Data         512  app.o(.bss)
    AppTaskLcdStk                            0x2000026c   Data         512  app.o(.bss)
    AppTaskTouchStk                          0x2000046c   Data         512  app.o(.bss)
    .bss                                     0x2000066c   Section      168  bsp_int.o(.bss)
    BSP_IntVectTbl                           0x2000066c   Data         168  bsp_int.o(.bss)
    .bss                                     0x20000714   Section     2716  os_core.o(.bss)

    Global Symbols

    Symbol Name                              Value     Ov Type        Size  Object(Section)

    BuildAttributes$$THM_ISAv4$P$D$K$B$S$PE$A:L22UL41UL21$X:L11$S22US41US21$IEEE1$IW$USESV6$~STKCKD$USESV7$~SHL$OSPACE$ROPI$EBA8$MICROLIB$REQ8$PRES8$EABIv2 0x00000000   Number         0  anon$$obj.o ABSOLUTE
    __ARM_use_no_argv                        0x00000000   Number         0  app.o ABSOLUTE
    _printf_a                                0x00000000   Number         0  stubs.o ABSOLUTE
    _printf_c                                0x00000000   Number         0  stubs.o ABSOLUTE
    _printf_charcount                        0x00000000   Number         0  stubs.o ABSOLUTE
    _printf_d                                0x00000000   Number         0  stubs.o ABSOLUTE
    _printf_e                                0x00000000   Number         0  stubs.o ABSOLUTE
    _printf_f                                0x00000000   Number         0  stubs.o ABSOLUTE
    _printf_flags                            0x00000000   Number         0  stubs.o ABSOLUTE
    _printf_fp_dec                           0x00000000   Number         0  stubs.o ABSOLUTE
    _printf_fp_hex                           0x00000000   Number         0  stubs.o ABSOLUTE
    _printf_g                                0x00000000   Number         0  stubs.o ABSOLUTE
    _printf_i                                0x00000000   Number         0  stubs.o ABSOLUTE
    _printf_int_dec                          0x00000000   Number         0  stubs.o ABSOLUTE
    _printf_l                                0x00000000   Number         0  stubs.o ABSOLUTE
    _printf_lc                               0x00000000   Number         0  stubs.o ABSOLUTE
    _printf_ll                               0x00000000   Number         0  stubs.o ABSOLUTE
    _printf_lld                              0x00000000   Number         0  stubs.o ABSOLUTE
    _printf_lli                              0x00000000   Number         0  stubs.o ABSOLUTE
    _printf_llo                              0x00000000   Number         0  stubs.o ABSOLUTE
    _printf_llu                              0x00000000   Number         0  stubs.o ABSOLUTE
    _printf_llx                              0x00000000   Number         0  stubs.o ABSOLUTE
    _printf_longlong_dec                     0x00000000   Number         0  stubs.o ABSOLUTE
    _printf_longlong_hex                     0x00000000   Number         0  stubs.o ABSOLUTE
    _printf_longlong_oct                     0x00000000   Number         0  stubs.o ABSOLUTE
    _printf_ls                               0x00000000   Number         0  stubs.o ABSOLUTE
    _printf_mbtowc                           0x00000000   Number         0  stubs.o ABSOLUTE
    _printf_n                                0x00000000   Number         0  stubs.o ABSOLUTE
    _printf_o                                0x00000000   Number         0  stubs.o ABSOLUTE
    _printf_p                                0x00000000   Number         0  stubs.o ABSOLUTE
    _printf_percent                          0x00000000   Number         0  stubs.o ABSOLUTE
    _printf_pre_padding                      0x00000000   Number         0  stubs.o ABSOLUTE
    _printf_return_value                     0x00000000   Number         0  stubs.o ABSOLUTE
    _printf_s                                0x00000000   Number         0  stubs.o ABSOLUTE
    _printf_sizespec                         0x00000000   Number         0  stubs.o ABSOLUTE
    _printf_str                              0x00000000   Number         0  stubs.o ABSOLUTE
    _printf_truncate_signed                  0x00000000   Number         0  stubs.o ABSOLUTE
    _printf_truncate_unsigned                0x00000000   Number         0  stubs.o ABSOLUTE
    _printf_u                                0x00000000   Number         0  stubs.o ABSOLUTE
    _printf_wc                               0x00000000   Number         0  stubs.o ABSOLUTE
    _printf_wctomb                           0x00000000   Number         0  stubs.o ABSOLUTE
    _printf_widthprec                        0x00000000   Number         0  stubs.o ABSOLUTE
    _printf_x                                0x00000000   Number         0  stubs.o ABSOLUTE
    __decompress                              - Undefined Weak Reference
    __main                                   0x080000f9   Thumb Code     0  entry.o(.ARM.Collect$$$$00000000)
    _main_stk                                0x080000f9   Thumb Code     0  entry4.o(.ARM.Collect$$$$00000003)
    _main_scatterload                        0x080000fd   Thumb Code     0  entry5.o(.ARM.Collect$$$$00000004)
    __main_after_scatterload                 0x08000101   Thumb Code     0  entry5.o(.ARM.Collect$$$$00000004)
    _main_init                               0x08000101   Thumb Code     0  entry7.o(.ARM.Collect$$$$00000007)
    CPU_IntDis                               0x0800010d   Thumb Code     0  cpu_a.o(.text)
    CPU_IntEn                                0x08000111   Thumb Code     0  cpu_a.o(.text)
    CPU_SR_Save                              0x08000115   Thumb Code     0  cpu_a.o(.text)
    CPU_SR_Restore                           0x0800011d   Thumb Code     0  cpu_a.o(.text)
    CPU_CntLeadZeros                         0x08000123   Thumb Code     0  cpu_a.o(.text)
    CPU_RevBits                              0x08000129   Thumb Code     0  cpu_a.o(.text)
    CPU_WaitForInt                           0x0800012f   Thumb Code     0  cpu_a.o(.text)
    CPU_WaitForExcept                        0x08000133   Thumb Code     0  cpu_a.o(.text)
    OS_CPU_SR_Save                           0x08000139   Thumb Code     0  os_cpu_a.o(.text)
    OS_CPU_SR_Restore                        0x08000141   Thumb Code     0  os_cpu_a.o(.text)
    OSStartHighRdy                           0x08000147   Thumb Code     0  os_cpu_a.o(.text)
    OSCtxSw                                  0x08000167   Thumb Code     0  os_cpu_a.o(.text)
    OSIntCtxSw                               0x08000171   Thumb Code     0  os_cpu_a.o(.text)
    OS_CPU_PendSVHandler                     0x0800017b   Thumb Code     0  os_cpu_a.o(.text)
    __aeabi_uldivmod                         0x080001dd   Thumb Code   102  uldiv.o(.text)
    __scatterload                            0x08000245   Thumb Code    28  init.o(.text)
    __scatterload_rt2                        0x08000245   Thumb Code     0  init.o(.text)
    __aeabi_llsl                             0x08000269   Thumb Code    30  llshl.o(.text)
    _ll_shift_l                              0x08000269   Thumb Code     0  llshl.o(.text)
    __aeabi_llsr                             0x08000287   Thumb Code    32  llushr.o(.text)
    _ll_ushift_r                             0x08000287   Thumb Code     0  llushr.o(.text)
    __BASEPRICONFIG                          0x080002a9   Thumb Code     0  init.o(INIT)
    __GetBASEPRI                             0x080002af   Thumb Code     0  init.o(INIT)
    __RESETFAULTMASK                         0x080002b5   Thumb Code     0  init.o(INIT)
    __RESETPRIMASK                           0x080002b9   Thumb Code     0  init.o(INIT)
    __SETFAULTMASK                           0x080002bd   Thumb Code     0  init.o(INIT)
    __SETPRIMASK                             0x080002c1   Thumb Code     0  init.o(INIT)
    __WFI                                    0x080002c5   Thumb Code     0  init.o(INIT)
    __WFE                                    0x080002c9   Thumb Code     0  init.o(INIT)
    ResetHndlr                               0x080002cd   Thumb Code     0  init.o(INIT)
    AD7843                                   0x080002d5   Thumb Code    72  touch.o(i.AD7843)
    ADS_Read_XY                              0x08000321   Thumb Code   106  touch.o(i.ADS_Read_XY)
    Address_set                              0x0800038b   Thumb Code   128  lcd_driver.o(i.Address_set)
    App_TCBInitHook                          0x08000561   Thumb Code     2  app.o(i.App_TCBInitHook)
    App_TaskCreateHook                       0x080005bd   Thumb Code     2  app.o(i.App_TaskCreateHook)
    App_TaskIdleHook                         0x080005bf   Thumb Code     2  app.o(i.App_TaskIdleHook)
    App_TaskStatHook                         0x080006a9   Thumb Code     2  app.o(i.App_TaskStatHook)
    App_TaskSwHook                           0x080006ab   Thumb Code     2  app.o(i.App_TaskSwHook)
    BSP_CPU_ClkFreq                          0x08000781   Thumb Code    16  bsp.o(i.BSP_CPU_ClkFreq)
    BSP_Init                                 0x08000791   Thumb Code    24  bsp.o(i.BSP_Init)
    BSP_IntHandlerADC1_2                     0x080007e1   Thumb Code    10  bsp_int.o(i.BSP_IntHandlerADC1_2)
    BSP_IntHandlerCAN_RX1                    0x080007eb   Thumb Code    10  bsp_int.o(i.BSP_IntHandlerCAN_RX1)
    BSP_IntHandlerCAN_SCE                    0x080007f5   Thumb Code    10  bsp_int.o(i.BSP_IntHandlerCAN_SCE)
    BSP_IntHandlerDMA1_CH1                   0x080007ff   Thumb Code    10  bsp_int.o(i.BSP_IntHandlerDMA1_CH1)
    BSP_IntHandlerDMA1_CH2                   0x08000809   Thumb Code    10  bsp_int.o(i.BSP_IntHandlerDMA1_CH2)
    BSP_IntHandlerDMA1_CH3                   0x08000813   Thumb Code    10  bsp_int.o(i.BSP_IntHandlerDMA1_CH3)
    BSP_IntHandlerDMA1_CH4                   0x0800081d   Thumb Code    10  bsp_int.o(i.BSP_IntHandlerDMA1_CH4)
    BSP_IntHandlerDMA1_CH5                   0x08000827   Thumb Code    10  bsp_int.o(i.BSP_IntHandlerDMA1_CH5)
    BSP_IntHandlerDMA1_CH6                   0x08000831   Thumb Code    10  bsp_int.o(i.BSP_IntHandlerDMA1_CH6)
    BSP_IntHandlerDMA1_CH7                   0x0800083b   Thumb Code    10  bsp_int.o(i.BSP_IntHandlerDMA1_CH7)
    BSP_IntHandlerEXTI0                      0x08000845   Thumb Code    10  bsp_int.o(i.BSP_IntHandlerEXTI0)
    BSP_IntHandlerEXTI1                      0x0800084f   Thumb Code    10  bsp_int.o(i.BSP_IntHandlerEXTI1)
    BSP_IntHandlerEXTI15_10                  0x08000859   Thumb Code    10  bsp_int.o(i.BSP_IntHandlerEXTI15_10)
    BSP_IntHandlerEXTI2                      0x08000863   Thumb Code    10  bsp_int.o(i.BSP_IntHandlerEXTI2)
    BSP_IntHandlerEXTI3                      0x0800086d   Thumb Code    10  bsp_int.o(i.BSP_IntHandlerEXTI3)
    BSP_IntHandlerEXTI4                      0x08000877   Thumb Code    10  bsp_int.o(i.BSP_IntHandlerEXTI4)
    BSP_IntHandlerEXTI9_5                    0x08000881   Thumb Code    10  bsp_int.o(i.BSP_IntHandlerEXTI9_5)
    BSP_IntHandlerFLASH                      0x0800088b   Thumb Code    10  bsp_int.o(i.BSP_IntHandlerFLASH)
    BSP_IntHandlerI2C1_ER                    0x08000895   Thumb Code    10  bsp_int.o(i.BSP_IntHandlerI2C1_ER)
    BSP_IntHandlerI2C1_EV                    0x0800089f   Thumb Code    10  bsp_int.o(i.BSP_IntHandlerI2C1_EV)
    BSP_IntHandlerI2C2_ER                    0x080008a9   Thumb Code    10  bsp_int.o(i.BSP_IntHandlerI2C2_ER)
    BSP_IntHandlerI2C2_EV                    0x080008b3   Thumb Code    10  bsp_int.o(i.BSP_IntHandlerI2C2_EV)
    BSP_IntHandlerPVD                        0x080008bd   Thumb Code    10  bsp_int.o(i.BSP_IntHandlerPVD)
    BSP_IntHandlerRCC                        0x080008c7   Thumb Code    10  bsp_int.o(i.BSP_IntHandlerRCC)
    BSP_IntHandlerRTC                        0x080008d1   Thumb Code    10  bsp_int.o(i.BSP_IntHandlerRTC)
    BSP_IntHandlerRTCAlarm                   0x080008db   Thumb Code    10  bsp_int.o(i.BSP_IntHandlerRTCAlarm)
    BSP_IntHandlerSPI1                       0x080008e5   Thumb Code    10  bsp_int.o(i.BSP_IntHandlerSPI1)
    BSP_IntHandlerSPI2                       0x080008ef   Thumb Code    10  bsp_int.o(i.BSP_IntHandlerSPI2)
    BSP_IntHandlerTAMPER                     0x080008f9   Thumb Code    10  bsp_int.o(i.BSP_IntHandlerTAMPER)
    BSP_IntHandlerTIM1_BRK                   0x08000903   Thumb Code    10  bsp_int.o(i.BSP_IntHandlerTIM1_BRK)
    BSP_IntHandlerTIM1_CC                    0x0800090d   Thumb Code    10  bsp_int.o(i.BSP_IntHandlerTIM1_CC)
    BSP_IntHandlerTIM1_TRG_COM               0x08000917   Thumb Code    10  bsp_int.o(i.BSP_IntHandlerTIM1_TRG_COM)
    BSP_IntHandlerTIM1_UP                    0x08000921   Thumb Code    10  bsp_int.o(i.BSP_IntHandlerTIM1_UP)
    BSP_IntHandlerTIM2                       0x0800092b   Thumb Code    10  bsp_int.o(i.BSP_IntHandlerTIM2)
    BSP_IntHandlerTIM3                       0x08000935   Thumb Code    10  bsp_int.o(i.BSP_IntHandlerTIM3)
    BSP_IntHandlerTIM4                       0x0800093f   Thumb Code    10  bsp_int.o(i.BSP_IntHandlerTIM4)
    BSP_IntHandlerUSART1                     0x08000949   Thumb Code    10  bsp_int.o(i.BSP_IntHandlerUSART1)
    BSP_IntHandlerUSART2                     0x08000953   Thumb Code    10  bsp_int.o(i.BSP_IntHandlerUSART2)
    BSP_IntHandlerUSART3                     0x0800095d   Thumb Code    10  bsp_int.o(i.BSP_IntHandlerUSART3)
    BSP_IntHandlerUSBWakeUp                  0x08000967   Thumb Code    10  bsp_int.o(i.BSP_IntHandlerUSBWakeUp)
    BSP_IntHandlerUSB_HP_CAN_TX              0x08000971   Thumb Code    10  bsp_int.o(i.BSP_IntHandlerUSB_HP_CAN_TX)
    BSP_IntHandlerUSB_LP_CAN_RX0             0x0800097b   Thumb Code    10  bsp_int.o(i.BSP_IntHandlerUSB_LP_CAN_RX0)
    BSP_IntHandlerWWDG                       0x08000985   Thumb Code    10  bsp_int.o(i.BSP_IntHandlerWWDG)
    ChineseChar                              0x08000991   Thumb Code   194  lcd_driver.o(i.ChineseChar)
    FLASH_PrefetchBufferCmd                  0x08000a65   Thumb Code    22  stm32f10x_flash.o(i.FLASH_PrefetchBufferCmd)
    FLASH_SetLatency                         0x08000a81   Thumb Code    22  stm32f10x_flash.o(i.FLASH_SetLatency)
    GPIO_Configuration                       0x08000a9d   Thumb Code   164  bsp.o(i.GPIO_Configuration)
    GPIO_Init                                0x08000b4d   Thumb Code   272  stm32f10x_gpio.o(i.GPIO_Init)
    GPIO_PinRemapConfig                      0x08000c5d   Thumb Code   106  stm32f10x_gpio.o(i.GPIO_PinRemapConfig)
    GPIO_ReadInputDataBit                    0x08000ccd   Thumb Code    18  stm32f10x_gpio.o(i.GPIO_ReadInputDataBit)
    GPIO_ResetBits                           0x08000cdf   Thumb Code     4  stm32f10x_gpio.o(i.GPIO_ResetBits)
    GPIO_SetBits                             0x08000ce3   Thumb Code     4  stm32f10x_gpio.o(i.GPIO_SetBits)
    GPIO_Write                               0x08000ce7   Thumb Code     4  stm32f10x_gpio.o(i.GPIO_Write)
    LCD_Init                                 0x08000ced   Thumb Code   738  lcd_driver.o(i.LCD_Init)
    LCD_Writ_Bus                             0x08000fd9   Thumb Code    72  lcd_driver.o(i.LCD_Writ_Bus)
    LCD_Write_COM                            0x08001031   Thumb Code    24  lcd_driver.o(i.LCD_Write_COM)
    LCD_Write_DATA                           0x0800104d   Thumb Code    24  lcd_driver.o(i.LCD_Write_DATA)
    NVIC_Configuration                       0x08001069   Thumb Code    22  bsp.o(i.NVIC_Configuration)
    NVIC_PriorityGroupConfig                 0x08001081   Thumb Code    10  stm32f10x_nvic.o(i.NVIC_PriorityGroupConfig)
    NVIC_SetVectorTable                      0x08001095   Thumb Code    12  stm32f10x_nvic.o(i.NVIC_SetVectorTable)
    OSInit                                   0x080010a9   Thumb Code    40  os_core.o(i.OSInit)
    OSInitHookBegin                          0x080010d1   Thumb Code     2  os_cpu_c.o(i.OSInitHookBegin)
    OSInitHookEnd                            0x080010d3   Thumb Code     2  os_cpu_c.o(i.OSInitHookEnd)
    OSIntExit                                0x080010d5   Thumb Code   112  os_core.o(i.OSIntExit)
    OSStart                                  0x08001165   Thumb Code    48  os_core.o(i.OSStart)
    OSStatInit                               0x080011ad   Thumb Code    62  os_core.o(i.OSStatInit)
    OSTCBInitHook                            0x080011f9   Thumb Code    12  os_cpu_c.o(i.OSTCBInitHook)
    OSTaskCreate                             0x08001205   Thumb Code   148  os_task.o(i.OSTaskCreate)
    OSTaskCreateExt                          0x080012a5   Thumb Code   172  os_task.o(i.OSTaskCreateExt)
    OSTaskCreateHook                         0x0800135d   Thumb Code    12  os_cpu_c.o(i.OSTaskCreateHook)
    OSTaskIdleHook                           0x08001369   Thumb Code     8  os_cpu_c.o(i.OSTaskIdleHook)
    OSTaskNameSet                            0x08001371   Thumb Code   132  os_task.o(i.OSTaskNameSet)
    OSTaskStatHook                           0x08001401   Thumb Code     8  os_cpu_c.o(i.OSTaskStatHook)
    OSTaskStkChk                             0x08001409   Thumb Code   132  os_task.o(i.OSTaskStkChk)
    OSTaskStkInit                            0x08001495   Thumb Code   154  os_cpu_c.o(i.OSTaskStkInit)
    OSTaskSuspend                            0x08001531   Thumb Code   152  os_task.o(i.OSTaskSuspend)
    OSTaskSwHook                             0x080015d9   Thumb Code     8  os_cpu_c.o(i.OSTaskSwHook)
    OSTimeDly                                0x080015e1   Thumb Code    96  os_time.o(i.OSTimeDly)
    OSTimeDlyHMSM                            0x08001651   Thumb Code   108  os_time.o(i.OSTimeDlyHMSM)
    OSTimeSet                                0x080016c1   Thumb Code    24  os_time.o(i.OSTimeSet)
    OSTimeTick                               0x080016dd   Thumb Code   220  os_core.o(i.OSTimeTick)
    OSTimeTickHook                           0x080017d1   Thumb Code     2  os_cpu_c.o(i.OSTimeTickHook)
    OSVersion                                0x080017d3   Thumb Code     6  os_core.o(i.OSVersion)
    OS_CPU_SysTickClkFreq                    0x080017d9   Thumb Code    12  bsp.o(i.OS_CPU_SysTickClkFreq)
    OS_CPU_SysTickHandler                    0x080017e5   Thumb Code    34  os_cpu_c.o(i.OS_CPU_SysTickHandler)
    OS_CPU_SysTickInit                       0x0800180d   Thumb Code    44  os_cpu_c.o(i.OS_CPU_SysTickInit)
    OS_FlagInit                              0x08001839   Thumb Code    68  os_flag.o(i.OS_FlagInit)
    OS_MemClr                                0x08001a79   Thumb Code    18  os_core.o(i.OS_MemClr)
    OS_Sched                                 0x08001a8d   Thumb Code    86  os_core.o(i.OS_Sched)
    OS_StrCopy                               0x08001b2d   Thumb Code    28  os_core.o(i.OS_StrCopy)
    OS_StrLen                                0x08001b49   Thumb Code    20  os_core.o(i.OS_StrLen)
    OS_TCBInit                               0x08001b5d   Thumb Code   282  os_core.o(i.OS_TCBInit)
    OS_TaskIdle                              0x08001c91   Thumb Code    32  os_core.o(i.OS_TaskIdle)
    OS_TaskStat                              0x08001cb5   Thumb Code   114  os_core.o(i.OS_TaskStat)
    OS_TaskStatStkChk                        0x08001d3d   Thumb Code    54  os_core.o(i.OS_TaskStatStkChk)
    OS_TaskStkClr                            0x08001d79   Thumb Code    26  os_task.o(i.OS_TaskStkClr)
    Pant                                     0x08001d95   Thumb Code    76  lcd_driver.o(i.Pant)
    RCC_APB2PeriphClockCmd                   0x08001de5   Thumb Code    26  stm32f10x_rcc.o(i.RCC_APB2PeriphClockCmd)
    RCC_Configuration                        0x08001e05   Thumb Code   116  bsp.o(i.RCC_Configuration)
    RCC_DeInit                               0x08001e79   Thumb Code    62  stm32f10x_rcc.o(i.RCC_DeInit)
    RCC_GetClocksFreq                        0x08001ec5   Thumb Code   192  stm32f10x_rcc.o(i.RCC_GetClocksFreq)
    RCC_GetFlagStatus                        0x08001f99   Thumb Code    56  stm32f10x_rcc.o(i.RCC_GetFlagStatus)
    RCC_GetSYSCLKSource                      0x08001fd5   Thumb Code    10  stm32f10x_rcc.o(i.RCC_GetSYSCLKSource)
    RCC_HCLKConfig                           0x08001fe5   Thumb Code    18  stm32f10x_rcc.o(i.RCC_HCLKConfig)
    RCC_HSEConfig                            0x08001ffd   Thumb Code    70  stm32f10x_rcc.o(i.RCC_HSEConfig)
    RCC_PCLK1Config                          0x08002049   Thumb Code    18  stm32f10x_rcc.o(i.RCC_PCLK1Config)
    RCC_PCLK2Config                          0x08002061   Thumb Code    20  stm32f10x_rcc.o(i.RCC_PCLK2Config)
    RCC_PLLCmd                               0x08002079   Thumb Code     6  stm32f10x_rcc.o(i.RCC_PLLCmd)
    RCC_PLLConfig                            0x08002085   Thumb Code    24  stm32f10x_rcc.o(i.RCC_PLLConfig)
    RCC_SYSCLKConfig                         0x080020a1   Thumb Code    18  stm32f10x_rcc.o(i.RCC_SYSCLKConfig)
    RCC_WaitForHSEStartUp                    0x080020b9   Thumb Code    62  stm32f10x_rcc.o(i.RCC_WaitForHSEStartUp)
    ReadFromCharFrom7843                     0x08002101   Thumb Code    64  touch.o(i.ReadFromCharFrom7843)
    Read_ADS                                 0x08002145   Thumb Code    46  touch.o(i.Read_ADS)
    Read_ADS2                                0x08002173   Thumb Code   140  touch.o(i.Read_ADS2)
    USART1_InitConfig                        0x08002201   Thumb Code    48  com.o(i.USART1_InitConfig)
    USART_Cmd                                0x08002235   Thumb Code    24  stm32f10x_usart.o(i.USART_Cmd)
    USART_Init                               0x0800224d   Thumb Code   150  stm32f10x_usart.o(i.USART_Init)
    WriteCharTo7843                          0x080022e9   Thumb Code    84  touch.o(i.WriteCharTo7843)
    __0printf$4                              0x08002341   Thumb Code    22  printf4.o(i.__0printf$4)
    __1printf$4                              0x08002341   Thumb Code     0  printf4.o(i.__0printf$4)
    __2printf                                0x08002341   Thumb Code     0  printf4.o(i.__0printf$4)
    __scatterload_copy                       0x08002361   Thumb Code    14  handlers.o(i.__scatterload_copy)
    __scatterload_null                       0x0800236f   Thumb Code     2  handlers.o(i.__scatterload_null)
    __scatterload_zeroinit                   0x08002371   Thumb Code    14  handlers.o(i.__scatterload_zeroinit)
    fputc                                    0x080025c5   Thumb Code    22  com.o(i.fputc)
    main                                     0x080025e5   Thumb Code    80  app.o(i.main)
    spistar                                  0x08002671   Thumb Code    74  touch.o(i.spistar)
    OSUnMapTbl                               0x080026d4   Data         256  os_core.o(.constdata)
    hz32                                     0x080027d4   Data         528  lcd_driver.o(.constdata)
    hz24                                     0x080029e4   Data         360  lcd_driver.o(.constdata)
    hz16                                     0x08002b4c   Data         192  lcd_driver.o(.constdata)
    Font8x16                                 0x08002c0c   Data        1536  lcd_driver.o(.constdata)
    Font16x24                                0x0800320c   Data        4608  lcd_driver.o(.constdata)
    Region$$Table$$Base                      0x08004418   Number         0  anon$$obj.o(Region$$Table)
    Region$$Table$$Limit                     0x08004438   Number         0  anon$$obj.o(Region$$Table)
    OSCtxSwCtr                               0x20000008   Data           4  os_core.o(.data)
    OSEventFreeList                          0x2000000c   Data           4  os_core.o(.data)
    OSFlagFreeList                           0x20000010   Data           4  os_core.o(.data)
    OSCPUUsage                               0x20000014   Data           1  os_core.o(.data)
    OSIdleCtrMax                             0x20000018   Data           4  os_core.o(.data)
    OSIdleCtrRun                             0x2000001c   Data           4  os_core.o(.data)
    OSStatRdy                                0x20000020   Data           1  os_core.o(.data)
    OSIntNesting                             0x20000021   Data           1  os_core.o(.data)
    OSLockNesting                            0x20000022   Data           1  os_core.o(.data)
    OSPrioCur                                0x20000023   Data           1  os_core.o(.data)
    OSPrioHighRdy                            0x20000024   Data           1  os_core.o(.data)
    OSRdyGrp                                 0x20000025   Data           1  os_core.o(.data)
    OSRdyTbl                                 0x20000026   Data           4  os_core.o(.data)
    OSRunning                                0x2000002a   Data           1  os_core.o(.data)
    OSTaskCtr                                0x2000002b   Data           1  os_core.o(.data)
    OSIdleCtr                                0x2000002c   Data           4  os_core.o(.data)
    OSTCBCur                                 0x20000030   Data           4  os_core.o(.data)
    OSTCBFreeList                            0x20000034   Data           4  os_core.o(.data)
    OSTCBHighRdy                             0x20000038   Data           4  os_core.o(.data)
    OSTCBList                                0x2000003c   Data           4  os_core.o(.data)
    OSTickStepState                          0x20000040   Data           1  os_core.o(.data)
    OSTime                                   0x20000044   Data           4  os_core.o(.data)
    colors                                   0x20000048   Data          32  lcd_driver.o(.data)
    __stdout                                 0x20000068   Data           4  stdout.o(.data)
    OSEventTbl                               0x20000714   Data         320  os_core.o(.bss)
    OSFlagTbl                                0x20000854   Data         140  os_core.o(.bss)
    OSTaskStatStk                            0x200008e0   Data         512  os_core.o(.bss)
    OSTaskIdleStk                            0x20000ae0   Data         512  os_core.o(.bss)
    OSTCBPrioTbl                             0x20000ce0   Data         128  os_core.o(.bss)
    OSTCBTbl                                 0x20000d60   Data        1104  os_core.o(.bss)
    Image$$ARM_LIB_STACK$$ZI$$Limit          0x20004b00   Number         0  anon$$obj.o(ARM_LIB_STACK.bss)



==============================================================================

Memory Map of the image

  Image Entry point : 0x080002cd

  Load Region LR_IROM1 (Base: 0x08000000, Size: 0x000044a4, Max: 0x00020000, ABSOLUTE)

    Execution Region ER_IROM1 (Base: 0x08000000, Size: 0x00004438, Max: 0x08020000, ABSOLUTE)

    Base Addr    Size         Type   Attr      Idx    E Section Name        Object

    0x08000000   0x000000f8   Code   RO          216  * VECT                vectors.o
    0x080000f8   0x00000000   Code   RO         5158  * .ARM.Collect$$$$00000000  mc_w.l(entry.o)
    0x080000f8   0x00000004   Code   RO         5422    .ARM.Collect$$$$00000003  mc_w.l(entry4.o)
    0x080000fc   0x00000004   Code   RO         5425    .ARM.Collect$$$$00000004  mc_w.l(entry5.o)
    0x08000100   0x00000008   Code   RO         5426    .ARM.Collect$$$$00000007  mc_w.l(entry7.o)
    0x08000108   0x00000004   Code   RO         5423    .ARM.Collect$$$$00002714  mc_w.l(entry4.o)
    0x0800010c   0x0000002a   Code   RO         4092    .text               cpu_a.o
    0x08000136   0x00000002   PAD
    0x08000138   0x000000a4   Code   RO         4811    .text               os_cpu_a.o
    0x080001dc   0x00000066   Code   RO         5430    .text               mc_w.l(uldiv.o)
    0x08000242   0x00000002   PAD
    0x08000244   0x00000024   Code   RO         5443    .text               mc_w.l(init.o)
    0x08000268   0x0000001e   Code   RO         5445    .text               mc_w.l(llshl.o)
    0x08000286   0x00000020   Code   RO         5447    .text               mc_w.l(llushr.o)
    0x080002a6   0x00000002   PAD
    0x080002a8   0x0000002c   Code   RO          327  * INIT                init.o
    0x080002d4   0x0000004c   Code   RO         5095    i.AD7843            touch.o
    0x08000320   0x0000006a   Code   RO         5096    i.ADS_Read_XY       touch.o
    0x0800038a   0x00000080   Code   RO         5021    i.Address_set       lcd_driver.o
    0x0800040a   0x00000002   PAD
    0x0800040c   0x00000154   Code   RO            3    i.App_DispScr_SignOn  app.o
    0x08000560   0x00000002   Code   RO            4    i.App_TCBInitHook   app.o
    0x08000562   0x00000002   PAD
    0x08000564   0x00000058   Code   RO            5    i.App_TaskCreate    app.o
    0x080005bc   0x00000002   Code   RO            6    i.App_TaskCreateHook  app.o
    0x080005be   0x00000002   Code   RO            8    i.App_TaskIdleHook  app.o
    0x080005c0   0x00000084   Code   RO            9    i.App_TaskLCD       app.o
    0x08000644   0x00000064   Code   RO           10    i.App_TaskStart     app.o
    0x080006a8   0x00000002   Code   RO           11    i.App_TaskStatHook  app.o
    0x080006aa   0x00000002   Code   RO           12    i.App_TaskSwHook    app.o
    0x080006ac   0x000000d4   Code   RO           13    i.App_TaskTouch     app.o
    0x08000780   0x00000010   Code   RO          220    i.BSP_CPU_ClkFreq   bsp.o
    0x08000790   0x00000018   Code   RO          221    i.BSP_Init          bsp.o
    0x080007a8   0x00000038   Code   RO          334    i.BSP_IntHandler    bsp_int.o
    0x080007e0   0x0000000a   Code   RO          335    i.BSP_IntHandlerADC1_2  bsp_int.o
    0x080007ea   0x0000000a   Code   RO          336    i.BSP_IntHandlerCAN_RX1  bsp_int.o
    0x080007f4   0x0000000a   Code   RO          337    i.BSP_IntHandlerCAN_SCE  bsp_int.o
    0x080007fe   0x0000000a   Code   RO          338    i.BSP_IntHandlerDMA1_CH1  bsp_int.o
    0x08000808   0x0000000a   Code   RO          339    i.BSP_IntHandlerDMA1_CH2  bsp_int.o
    0x08000812   0x0000000a   Code   RO          340    i.BSP_IntHandlerDMA1_CH3  bsp_int.o
    0x0800081c   0x0000000a   Code   RO          341    i.BSP_IntHandlerDMA1_CH4  bsp_int.o
    0x08000826   0x0000000a   Code   RO          342    i.BSP_IntHandlerDMA1_CH5  bsp_int.o
    0x08000830   0x0000000a   Code   RO          343    i.BSP_IntHandlerDMA1_CH6  bsp_int.o
    0x0800083a   0x0000000a   Code   RO          344    i.BSP_IntHandlerDMA1_CH7  bsp_int.o
    0x08000844   0x0000000a   Code   RO          346    i.BSP_IntHandlerEXTI0  bsp_int.o
    0x0800084e   0x0000000a   Code   RO          347    i.BSP_IntHandlerEXTI1  bsp_int.o
    0x08000858   0x0000000a   Code   RO          348    i.BSP_IntHandlerEXTI15_10  bsp_int.o
    0x08000862   0x0000000a   Code   RO          349    i.BSP_IntHandlerEXTI2  bsp_int.o
    0x0800086c   0x0000000a   Code   RO          350    i.BSP_IntHandlerEXTI3  bsp_int.o
    0x08000876   0x0000000a   Code   RO          351    i.BSP_IntHandlerEXTI4  bsp_int.o
    0x08000880   0x0000000a   Code   RO          352    i.BSP_IntHandlerEXTI9_5  bsp_int.o
    0x0800088a   0x0000000a   Code   RO          353    i.BSP_IntHandlerFLASH  bsp_int.o
    0x08000894   0x0000000a   Code   RO          354    i.BSP_IntHandlerI2C1_ER  bsp_int.o
    0x0800089e   0x0000000a   Code   RO          355    i.BSP_IntHandlerI2C1_EV  bsp_int.o
    0x080008a8   0x0000000a   Code   RO          356    i.BSP_IntHandlerI2C2_ER  bsp_int.o
    0x080008b2   0x0000000a   Code   RO          357    i.BSP_IntHandlerI2C2_EV  bsp_int.o
    0x080008bc   0x0000000a   Code   RO          358    i.BSP_IntHandlerPVD  bsp_int.o
    0x080008c6   0x0000000a   Code   RO          359    i.BSP_IntHandlerRCC  bsp_int.o
    0x080008d0   0x0000000a   Code   RO          360    i.BSP_IntHandlerRTC  bsp_int.o
    0x080008da   0x0000000a   Code   RO          361    i.BSP_IntHandlerRTCAlarm  bsp_int.o
    0x080008e4   0x0000000a   Code   RO          362    i.BSP_IntHandlerSPI1  bsp_int.o
    0x080008ee   0x0000000a   Code   RO          363    i.BSP_IntHandlerSPI2  bsp_int.o
    0x080008f8   0x0000000a   Code   RO          364    i.BSP_IntHandlerTAMPER  bsp_int.o
    0x08000902   0x0000000a   Code   RO          365    i.BSP_IntHandlerTIM1_BRK  bsp_int.o
    0x0800090c   0x0000000a   Code   RO          366    i.BSP_IntHandlerTIM1_CC  bsp_int.o
    0x08000916   0x0000000a   Code   RO          367    i.BSP_IntHandlerTIM1_TRG_COM  bsp_int.o
    0x08000920   0x0000000a   Code   RO          368    i.BSP_IntHandlerTIM1_UP  bsp_int.o
    0x0800092a   0x0000000a   Code   RO          369    i.BSP_IntHandlerTIM2  bsp_int.o
    0x08000934   0x0000000a   Code   RO          370    i.BSP_IntHandlerTIM3  bsp_int.o
    0x0800093e   0x0000000a   Code   RO          371    i.BSP_IntHandlerTIM4  bsp_int.o
    0x08000948   0x0000000a   Code   RO          372    i.BSP_IntHandlerUSART1  bsp_int.o
    0x08000952   0x0000000a   Code   RO          373    i.BSP_IntHandlerUSART2  bsp_int.o
    0x0800095c   0x0000000a   Code   RO          374    i.BSP_IntHandlerUSART3  bsp_int.o
    0x08000966   0x0000000a   Code   RO          375    i.BSP_IntHandlerUSBWakeUp  bsp_int.o
    0x08000970   0x0000000a   Code   RO          376    i.BSP_IntHandlerUSB_HP_CAN_TX  bsp_int.o
    0x0800097a   0x0000000a   Code   RO          377    i.BSP_IntHandlerUSB_LP_CAN_RX0  bsp_int.o
    0x08000984   0x0000000a   Code   RO          378    i.BSP_IntHandlerWWDG  bsp_int.o
    0x0800098e   0x00000002   PAD
    0x08000990   0x000000c8   Code   RO         5022    i.ChineseChar       lcd_driver.o
    0x08000a58   0x0000000a   Code   RO         5097    i.Delay             touch.o
    0x08000a62   0x00000002   PAD
    0x08000a64   0x0000001c   Code   RO         1360    i.FLASH_PrefetchBufferCmd  stm32f10x_flash.o
    0x08000a80   0x0000001c   Code   RO         1365    i.FLASH_SetLatency  stm32f10x_flash.o
    0x08000a9c   0x000000b0   Code   RO          222    i.GPIO_Configuration  bsp.o
    0x08000b4c   0x00000110   Code   RO         1626    i.GPIO_Init         stm32f10x_gpio.o
    0x08000c5c   0x00000070   Code   RO         1628    i.GPIO_PinRemapConfig  stm32f10x_gpio.o
    0x08000ccc   0x00000012   Code   RO         1630    i.GPIO_ReadInputDataBit  stm32f10x_gpio.o
    0x08000cde   0x00000004   Code   RO         1633    i.GPIO_ResetBits    stm32f10x_gpio.o
    0x08000ce2   0x00000004   Code   RO         1634    i.GPIO_SetBits      stm32f10x_gpio.o
    0x08000ce6   0x00000004   Code   RO         1636    i.GPIO_Write        stm32f10x_gpio.o
    0x08000cea   0x00000002   PAD
    0x08000cec   0x000002ec   Code   RO         5023    i.LCD_Init          lcd_driver.o
    0x08000fd8   0x00000058   Code   RO         5026    i.LCD_Writ_Bus      lcd_driver.o
    0x08001030   0x0000001c   Code   RO         5027    i.LCD_Write_COM     lcd_driver.o
    0x0800104c   0x0000001c   Code   RO         5028    i.LCD_Write_DATA    lcd_driver.o
    0x08001068   0x00000016   Code   RO          223    i.NVIC_Configuration  bsp.o
    0x0800107e   0x00000002   PAD
    0x08001080   0x00000014   Code   RO         2430    i.NVIC_PriorityGroupConfig  stm32f10x_nvic.o
    0x08001094   0x00000014   Code   RO         2438    i.NVIC_SetVectorTable  stm32f10x_nvic.o
    0x080010a8   0x00000028   Code   RO         4149    i.OSInit            os_core.o
    0x080010d0   0x00000002   Code   RO         4704    i.OSInitHookBegin   os_cpu_c.o
    0x080010d2   0x00000002   Code   RO         4705    i.OSInitHookEnd     os_cpu_c.o
    0x080010d4   0x00000090   Code   RO         4151    i.OSIntExit         os_core.o
    0x08001164   0x00000048   Code   RO         4154    i.OSStart           os_core.o
    0x080011ac   0x0000004c   Code   RO         4155    i.OSStatInit        os_core.o
    0x080011f8   0x0000000c   Code   RO         4706    i.OSTCBInitHook     os_cpu_c.o
    0x08001204   0x000000a0   Code   RO         4585    i.OSTaskCreate      os_task.o
    0x080012a4   0x000000b8   Code   RO         4586    i.OSTaskCreateExt   os_task.o
    0x0800135c   0x0000000c   Code   RO         4707    i.OSTaskCreateHook  os_cpu_c.o
    0x08001368   0x00000008   Code   RO         4709    i.OSTaskIdleHook    os_cpu_c.o
    0x08001370   0x00000090   Code   RO         4590    i.OSTaskNameSet     os_task.o
    0x08001400   0x00000008   Code   RO         4710    i.OSTaskStatHook    os_cpu_c.o
    0x08001408   0x0000008c   Code   RO         4593    i.OSTaskStkChk      os_task.o
    0x08001494   0x0000009a   Code   RO         4711    i.OSTaskStkInit     os_cpu_c.o
    0x0800152e   0x00000002   PAD
    0x08001530   0x000000a8   Code   RO         4594    i.OSTaskSuspend     os_task.o
    0x080015d8   0x00000008   Code   RO         4712    i.OSTaskSwHook      os_cpu_c.o
    0x080015e0   0x00000070   Code   RO         4662    i.OSTimeDly         os_time.o
    0x08001650   0x00000070   Code   RO         4663    i.OSTimeDlyHMSM     os_time.o
    0x080016c0   0x0000001c   Code   RO         4666    i.OSTimeSet         os_time.o
    0x080016dc   0x000000f4   Code   RO         4156    i.OSTimeTick        os_core.o
    0x080017d0   0x00000002   Code   RO         4713    i.OSTimeTickHook    os_cpu_c.o
    0x080017d2   0x00000006   Code   RO         4157    i.OSVersion         os_core.o
    0x080017d8   0x0000000c   Code   RO          224    i.OS_CPU_SysTickClkFreq  bsp.o
    0x080017e4   0x00000028   Code   RO         4714    i.OS_CPU_SysTickHandler  os_cpu_c.o
    0x0800180c   0x0000002c   Code   RO         4715    i.OS_CPU_SysTickInit  os_cpu_c.o
    0x08001838   0x0000004c   Code   RO         4382    i.OS_FlagInit       os_flag.o
    0x08001884   0x00000050   Code   RO         4165    i.OS_InitEventList  os_core.o
    0x080018d4   0x00000054   Code   RO         4166    i.OS_InitMisc       os_core.o
    0x08001928   0x00000048   Code   RO         4167    i.OS_InitRdyList    os_core.o
    0x08001970   0x00000068   Code   RO         4168    i.OS_InitTCBList    os_core.o
    0x080019d8   0x00000050   Code   RO         4169    i.OS_InitTaskIdle   os_core.o
    0x08001a28   0x00000050   Code   RO         4170    i.OS_InitTaskStat   os_core.o
    0x08001a78   0x00000012   Code   RO         4171    i.OS_MemClr         os_core.o
    0x08001a8a   0x00000002   PAD
    0x08001a8c   0x00000074   Code   RO         4173    i.OS_Sched          os_core.o
    0x08001b00   0x0000002c   Code   RO         4174    i.OS_SchedNew       os_core.o
    0x08001b2c   0x0000001c   Code   RO         4175    i.OS_StrCopy        os_core.o
    0x08001b48   0x00000014   Code   RO         4176    i.OS_StrLen         os_core.o
    0x08001b5c   0x00000134   Code   RO         4177    i.OS_TCBInit        os_core.o
    0x08001c90   0x00000024   Code   RO         4178    i.OS_TaskIdle       os_core.o
    0x08001cb4   0x00000088   Code   RO         4179    i.OS_TaskStat       os_core.o
    0x08001d3c   0x0000003c   Code   RO         4180    i.OS_TaskStatStkChk  os_core.o
    0x08001d78   0x0000001a   Code   RO         4595    i.OS_TaskStkClr     os_task.o
    0x08001d92   0x00000002   PAD
    0x08001d94   0x00000050   Code   RO         5029    i.Pant              lcd_driver.o
    0x08001de4   0x00000020   Code   RO         2663    i.RCC_APB2PeriphClockCmd  stm32f10x_rcc.o
    0x08001e04   0x00000074   Code   RO          225    i.RCC_Configuration  bsp.o
    0x08001e78   0x0000004c   Code   RO         2670    i.RCC_DeInit        stm32f10x_rcc.o
    0x08001ec4   0x000000d4   Code   RO         2671    i.RCC_GetClocksFreq  stm32f10x_rcc.o
    0x08001f98   0x0000003c   Code   RO         2672    i.RCC_GetFlagStatus  stm32f10x_rcc.o
    0x08001fd4   0x00000010   Code   RO         2674    i.RCC_GetSYSCLKSource  stm32f10x_rcc.o
    0x08001fe4   0x00000018   Code   RO         2675    i.RCC_HCLKConfig    stm32f10x_rcc.o
    0x08001ffc   0x0000004c   Code   RO         2676    i.RCC_HSEConfig     stm32f10x_rcc.o
    0x08002048   0x00000018   Code   RO         2682    i.RCC_PCLK1Config   stm32f10x_rcc.o
    0x08002060   0x00000018   Code   RO         2683    i.RCC_PCLK2Config   stm32f10x_rcc.o
    0x08002078   0x0000000c   Code   RO         2684    i.RCC_PLLCmd        stm32f10x_rcc.o
    0x08002084   0x0000001c   Code   RO         2685    i.RCC_PLLConfig     stm32f10x_rcc.o
    0x080020a0   0x00000018   Code   RO         2688    i.RCC_SYSCLKConfig  stm32f10x_rcc.o
    0x080020b8   0x00000048   Code   RO         2690    i.RCC_WaitForHSEStartUp  stm32f10x_rcc.o
    0x08002100   0x00000044   Code   RO         5098    i.ReadFromCharFrom7843  touch.o
    0x08002144   0x0000002e   Code   RO         5099    i.Read_ADS          touch.o
    0x08002172   0x0000008c   Code   RO         5100    i.Read_ADS2         touch.o
    0x080021fe   0x00000002   PAD
    0x08002200   0x00000034   Code   RO         4944    i.USART1_InitConfig  com.o
    0x08002234   0x00000018   Code   RO         3874    i.USART_Cmd         stm32f10x_usart.o
    0x0800224c   0x0000009c   Code   RO         3881    i.USART_Init        stm32f10x_usart.o
    0x080022e8   0x00000058   Code   RO         5101    i.WriteCharTo7843   touch.o
    0x08002340   0x00000020   Code   RO         5272    i.__0printf$4       mc_w.l(printf4.o)
    0x08002360   0x0000000e   Code   RO         5455    i.__scatterload_copy  mc_w.l(handlers.o)
    0x0800236e   0x00000002   Code   RO         5456    i.__scatterload_null  mc_w.l(handlers.o)
    0x08002370   0x0000000e   Code   RO         5457    i.__scatterload_zeroinit  mc_w.l(handlers.o)
    0x0800237e   0x00000002   PAD
    0x08002380   0x00000228   Code   RO         5279    i._printf_core      mc_w.l(printf4.o)
    0x080025a8   0x0000001a   Code   RO         5030    i.delayms           lcd_driver.o
    0x080025c2   0x00000002   PAD
    0x080025c4   0x00000020   Code   RO         4945    i.fputc             com.o
    0x080025e4   0x0000008c   Code   RO           14    i.main              app.o
    0x08002670   0x00000050   Code   RO         5103    i.spistar           touch.o
    0x080026c0   0x00000014   Data   RO         2691    .constdata          stm32f10x_rcc.o
    0x080026d4   0x00000100   Data   RO         4182    .constdata          os_core.o
    0x080027d4   0x00001c44   Data   RO         5031    .constdata          lcd_driver.o
    0x08004418   0x00000020   Data   RO         5453    Region$$Table       anon$$obj.o


    Execution Region RW_IRAM1 (Base: 0x20000000, Size: 0x000011b0, Max: 0x00004c00, ABSOLUTE)

    Base Addr    Size         Type   Attr      Idx    E Section Name        Object

    0x20000000   0x00000005   Data   RW         2692    .data               stm32f10x_rcc.o
    0x20000005   0x00000003   PAD
    0x20000008   0x00000040   Data   RW         4183    .data               os_core.o
    0x20000048   0x00000020   Data   RW         5032    .data               lcd_driver.o
    0x20000068   0x00000004   Data   RW         5427    .data               mc_w.l(stdout.o)
    0x2000006c   0x00000600   Zero   RW           15    .bss                app.o
    0x2000066c   0x000000a8   Zero   RW          382    .bss                bsp_int.o
    0x20000714   0x00000a9c   Zero   RW         4181    .bss                os_core.o


    Execution Region ARM_LIB_HEAP (Base: 0x20004700, Size: 0x00000200, Max: 0x00000200, ABSOLUTE, UNINIT)

    Base Addr    Size         Type   Attr      Idx    E Section Name        Object

    0x20004700   0x00000200   Zero   RW            1    ARM_LIB_HEAP.bss    anon$$obj.o


    Execution Region ARM_LIB_STACK (Base: 0x20004900, Size: 0x00000200, Max: 0x00000200, ABSOLUTE, UNINIT)

    Base Addr    Size         Type   Attr      Idx    E Section Name        Object

    0x20004900   0x00000200   Zero   RW            2    ARM_LIB_STACK.bss   anon$$obj.o


==============================================================================

Image component sizes


      Code (inc. data)   RO Data    RW Data    ZI Data      Debug   Object Name

      1022        410          0          0       1536      45642   app.o
       366         12          0          0          0      10791   bsp.o
       486         10          0          0        168      17372   bsp_int.o
        84         14          0          0          0        916   com.o
        42          0          0          0          0        232   cpu_a.o
        44          4          0          0          0        196   init.o
      1326         44       7236         32          0       5725   lcd_driver.o
      1848        346        256         64       2716      19875   os_core.o
       164         32          0          0          0        256   os_cpu_a.o
       292          6          0          0          0      14733   os_cpu_c.o
        76          8          0          0          0       9151   os_flag.o
       822         60          0          0          0       5012   os_task.o
       252         24          0          0          0       1768   os_time.o
         0          0          0          0          0      13560   stm32f10x_adc.o
        56         12          0          0          0        905   stm32f10x_flash.o
       414          6          0          0          0       4179   stm32f10x_gpio.o
        40         18          0          0          0        929   stm32f10x_nvic.o
       680         98         20          5          0       8669   stm32f10x_rcc.o
       180          6          0          0          0       2381   stm32f10x_usart.o
       614         18          0          0          0       4273   touch.o
       248        236          0          0          0        192   vectors.o

    ----------------------------------------------------------------------
      9080       1364       7544        104       5444     166757   Object Totals
         0          0         32          0       1024          0   (incl. Generated)
        24          0          0          3          0          3   (incl. Padding)

    ----------------------------------------------------------------------

      Code (inc. data)   RO Data    RW Data    ZI Data      Debug   Library Member Name

         0          0          0          0          0          0   entry.o
         8          4          0          0          0          0   entry4.o
         4          0          0          0          0          0   entry5.o
         8          4          0          0          0          0   entry7.o
        30          0          0          0          0          0   handlers.o
        36          8          0          0          0         68   init.o
        30          0          0          0          0         68   llshl.o
        32          0          0          0          0         68   llushr.o
       584         16          0          0          0        184   printf4.o
         0          0          0          4          0          0   stdout.o
       102          0          0          0          0         92   uldiv.o

    ----------------------------------------------------------------------
       840         32          0          4          0        480   Library Totals
         6          0          0          0          0          0   (incl. Padding)

    ----------------------------------------------------------------------

      Code (inc. data)   RO Data    RW Data    ZI Data      Debug   Library Name

       834         32          0          4          0        480   mc_w.l

    ----------------------------------------------------------------------
       840         32          0          4          0        480   Library Totals

    ----------------------------------------------------------------------

==============================================================================


      Code (inc. data)   RO Data    RW Data    ZI Data      Debug   

      9920       1396       7544        108       5444     159700   Grand Totals
      9920       1396       7544        108       5444     159700   ELF Image Totals
      9920       1396       7544        108          0          0   ROM Totals

==============================================================================

    Total RO  Size (Code + RO Data)                17464 (  17.05kB)
    Total RW  Size (RW Data + ZI Data)              5552 (   5.42kB)
    Total ROM Size (Code + RO Data + RW Data)      17572 (  17.16kB)

==============================================================================

